Archive member included to satisfy reference by file (symbol)

/home/artur-mateo/College/Sem_7/Embedded_Systems/aula_5/timer/.pio/build/frdm_kl25z/zephyr/libzephyr.a(heap.c.o)
                              (--whole-archive)
/home/artur-mateo/College/Sem_7/Embedded_Systems/aula_5/timer/.pio/build/frdm_kl25z/zephyr/libzephyr.a(cbprintf_packaged.c.o)
                              (--whole-archive)
/home/artur-mateo/College/Sem_7/Embedded_Systems/aula_5/timer/.pio/build/frdm_kl25z/zephyr/libzephyr.a(clock.c.o)
                              (--whole-archive)
/home/artur-mateo/College/Sem_7/Embedded_Systems/aula_5/timer/.pio/build/frdm_kl25z/zephyr/libzephyr.a(printk.c.o)
                              (--whole-archive)
/home/artur-mateo/College/Sem_7/Embedded_Systems/aula_5/timer/.pio/build/frdm_kl25z/zephyr/libzephyr.a(sem.c.o)
                              (--whole-archive)
/home/artur-mateo/College/Sem_7/Embedded_Systems/aula_5/timer/.pio/build/frdm_kl25z/zephyr/libzephyr.a(thread_entry.c.o)
                              (--whole-archive)
/home/artur-mateo/College/Sem_7/Embedded_Systems/aula_5/timer/.pio/build/frdm_kl25z/zephyr/libzephyr.a(cbprintf_complete.c.o)
                              (--whole-archive)
/home/artur-mateo/College/Sem_7/Embedded_Systems/aula_5/timer/.pio/build/frdm_kl25z/zephyr/libzephyr.a(assert.c.o)
                              (--whole-archive)
/home/artur-mateo/College/Sem_7/Embedded_Systems/aula_5/timer/.pio/build/frdm_kl25z/zephyr/libzephyr.a(dec.c.o)
                              (--whole-archive)
/home/artur-mateo/College/Sem_7/Embedded_Systems/aula_5/timer/.pio/build/frdm_kl25z/zephyr/libzephyr.a(hex.c.o)
                              (--whole-archive)
/home/artur-mateo/College/Sem_7/Embedded_Systems/aula_5/timer/.pio/build/frdm_kl25z/zephyr/libzephyr.a(rb.c.o)
                              (--whole-archive)
/home/artur-mateo/College/Sem_7/Embedded_Systems/aula_5/timer/.pio/build/frdm_kl25z/zephyr/libzephyr.a(timeutil.c.o)
                              (--whole-archive)
/home/artur-mateo/College/Sem_7/Embedded_Systems/aula_5/timer/.pio/build/frdm_kl25z/zephyr/libzephyr.a(bitarray.c.o)
                              (--whole-archive)
/home/artur-mateo/College/Sem_7/Embedded_Systems/aula_5/timer/.pio/build/frdm_kl25z/zephyr/libzephyr.a(ring_buffer.c.o)
                              (--whole-archive)
/home/artur-mateo/College/Sem_7/Embedded_Systems/aula_5/timer/.pio/build/frdm_kl25z/zephyr/libzephyr.a(last_section_id.c.o)
                              (--whole-archive)
/home/artur-mateo/College/Sem_7/Embedded_Systems/aula_5/timer/.pio/build/frdm_kl25z/zephyr/libzephyr.a(configs.c.o)
                              (--whole-archive)
/home/artur-mateo/College/Sem_7/Embedded_Systems/aula_5/timer/.pio/build/frdm_kl25z/zephyr/libzephyr.a(flash_configuration.c.o)
                              (--whole-archive)
/home/artur-mateo/College/Sem_7/Embedded_Systems/aula_5/timer/.pio/build/frdm_kl25z/zephyr/libzephyr.a(soc.c.o)
                              (--whole-archive)
/home/artur-mateo/College/Sem_7/Embedded_Systems/aula_5/timer/.pio/build/frdm_kl25z/zephyr/libzephyr.a(tracing_none.c.o)
                              (--whole-archive)
/home/artur-mateo/College/Sem_7/Embedded_Systems/aula_5/timer/.pio/build/frdm_kl25z/zephyr/libzephyr.a(getline.c.o)
                              (--whole-archive)
/home/artur-mateo/College/Sem_7/Embedded_Systems/aula_5/timer/.pio/build/frdm_kl25z/zephyr/arch/common/libarch__common.a(sw_isr_common.c.o)
                              (--whole-archive)
/home/artur-mateo/College/Sem_7/Embedded_Systems/aula_5/timer/.pio/build/frdm_kl25z/zephyr/arch/arch/arm/core/libarch__arm__core.a(fatal.c.o)
                              (--whole-archive)
/home/artur-mateo/College/Sem_7/Embedded_Systems/aula_5/timer/.pio/build/frdm_kl25z/zephyr/arch/arch/arm/core/libarch__arm__core.a(nmi.c.o)
                              (--whole-archive)
/home/artur-mateo/College/Sem_7/Embedded_Systems/aula_5/timer/.pio/build/frdm_kl25z/zephyr/arch/arch/arm/core/libarch__arm__core.a(nmi_on_reset.S.o)
                              (--whole-archive)
/home/artur-mateo/College/Sem_7/Embedded_Systems/aula_5/timer/.pio/build/frdm_kl25z/zephyr/arch/arch/arm/core/cortex_m/libarch__arm__core__cortex_m.a(exc_exit.c.o)
                              (--whole-archive)
/home/artur-mateo/College/Sem_7/Embedded_Systems/aula_5/timer/.pio/build/frdm_kl25z/zephyr/arch/arch/arm/core/cortex_m/libarch__arm__core__cortex_m.a(fault.c.o)
                              (--whole-archive)
/home/artur-mateo/College/Sem_7/Embedded_Systems/aula_5/timer/.pio/build/frdm_kl25z/zephyr/arch/arch/arm/core/cortex_m/libarch__arm__core__cortex_m.a(fault_s.S.o)
                              (--whole-archive)
/home/artur-mateo/College/Sem_7/Embedded_Systems/aula_5/timer/.pio/build/frdm_kl25z/zephyr/arch/arch/arm/core/cortex_m/libarch__arm__core__cortex_m.a(fpu.c.o)
                              (--whole-archive)
[...]
Memory Configuration

Name             Origin             Length             Attributes
FLASH            0x0000000000000000 0x0000000000020000 xr
RAM              0x000000001ffff000 0x0000000000004000 xw
IDT_LIST         0x00000000ffff7fff 0x0000000000008000 xw
*default*        0x0000000000000000 0xffffffffffffffff

Linker script and memory map

LOAD .pio/build/frdm_kl25z/zephyr_pre0/zephyr/misc/empty_file.c.o
LOAD .pio/build/frdm_kl25z/src/main.o
LOAD .pio/build/frdm_kl25z/zephyr_final/zephyr/misc/empty_file.c.o
LOAD .pio/build/frdm_kl25z/zephyr_final/zephyr/isr_tables.c.o
LOAD /home/artur-mateo/College/Sem_7/Embedded_Systems/aula_5/timer/.pio/build/frdm_kl25z/zephyr/libzephyr.a
LOAD /home/artur-mateo/College/Sem_7/Embedded_Systems/aula_5/timer/.pio/build/frdm_kl25z/zephyr/arch/common/libarch__common.a
LOAD /home/artur-mateo/College/Sem_7/Embedded_Systems/aula_5/timer/.pio/build/frdm_kl25z/zephyr/arch/arch/arm/core/libarch__arm__core.a
LOAD /home/artur-mateo/College/Sem_7/Embedded_Systems/aula_5/timer/.pio/build/frdm_kl25z/zephyr/arch/arch/arm/core/cortex_m/libarch__arm__core__cortex_m.a
LOAD /home/artur-mateo/College/Sem_7/Embedded_Systems/aula_5/timer/.pio/build/frdm_kl25z/zephyr/lib/libc/picolibc/liblib__libc__picolibc.a
LOAD /home/artur-mateo/College/Sem_7/Embedded_Systems/aula_5/timer/.pio/build/frdm_kl25z/zephyr/lib/libc/common/liblib__libc__common.a
LOAD /home/artur-mateo/College/Sem_7/Embedded_Systems/aula_5/timer/.pio/build/frdm_kl25z/zephyr/drivers/clock_control/libdrivers__clock_control.a
LOAD /home/artur-mateo/College/Sem_7/Embedded_Systems/aula_5/timer/.pio/build/frdm_kl25z/zephyr/drivers/console/libdrivers__console.a
LOAD /home/artur-mateo/College/Sem_7/Embedded_Systems/aula_5/timer/.pio/build/frdm_kl25z/zephyr/drivers/gpio/libdrivers__gpio.a
LOAD /home/artur-mateo/College/Sem_7/Embedded_Systems/aula_5/timer/.pio/build/frdm_kl25z/zephyr/drivers/pinctrl/libdrivers__pinctrl.a
LOAD /home/artur-mateo/College/Sem_7/Embedded_Systems/aula_5/timer/.pio/build/frdm_kl25z/zephyr/drivers/serial/libdrivers__serial.a
LOAD /home/artur-mateo/College/Sem_7/Embedded_Systems/aula_5/timer/.pio/build/frdm_kl25z/zephyr/drivers/timer/libdrivers__timer.a
LOAD /home/artur-mateo/College/Sem_7/Embedded_Systems/aula_5/timer/.pio/build/frdm_kl25z/modules/_bare_module/lib_pio___bare_module.a
LOAD /home/artur-mateo/College/Sem_7/Embedded_Systems/aula_5/timer/.pio/build/frdm_kl25z/modules/hal_nxp/libmodules__hal_nxp.a
LOAD /home/artur-mateo/College/Sem_7/Embedded_Systems/aula_5/timer/.pio/build/frdm_kl25z/zephyr/liboffsets.a
LOAD /home/artur-mateo/College/Sem_7/Embedded_Systems/aula_5/timer/.pio/build/frdm_kl25z/zephyr/kernel/libkernel.a
LOAD /home/artur-mateo/College/Sem_7/Embedded_Systems/aula_5/timer/.pio/build/frdm_kl25z/zephyr/arch/common/libisr_tables.a
LOAD /home/artur-mateo/College/Sem_7/Embedded_Systems/aula_5/timer/.pio/build/frdm_kl25z/modules/picolibc/libc.a
LOAD /home/artur-mateo/.platformio/packages/toolchain-gccarmnoneeabi/bin/../lib/gcc/arm-none-eabi/8.2.1/thumb/v6-m/nofp/libgcc.a
                0x0000000000000004                _region_min_align = 0x4

.rel.plt        0x0000000000000000        0x0
 *(SORT_BY_ALIGNMENT(.rel.plt))
                [!provide]                        PROVIDE (__rel_iplt_start = .)
 *(SORT_BY_ALIGNMENT(.rel.iplt))
 .rel.iplt      0x0000000000000000        0x0 .pio/build/frdm_kl25z/src/main.o
                [!provide]                        PROVIDE (__rel_iplt_end = .)

.rela.plt       0x0000000000000000        0x0
 *(SORT_BY_ALIGNMENT(.rela.plt))
                [!provide]                        PROVIDE (__rela_iplt_start = .)
 *(SORT_BY_ALIGNMENT(.rela.iplt))
                [!provide]                        PROVIDE (__rela_iplt_end = .)

.rel.dyn
 *(SORT_BY_ALIGNMENT(.rel.*))

.rela.dyn
 *(SORT_BY_ALIGNMENT(.rela.*))

/DISCARD/
 *(SORT_BY_ALIGNMENT(.plt))
 *(SORT_BY_ALIGNMENT(.iplt))
 *(SORT_BY_ALIGNMENT(.eh_frame))
 *(SORT_BY_ALIGNMENT(.got.plt))
 *(SORT_BY_ALIGNMENT(.igot.plt))
 *(SORT_BY_ALIGNMENT(.got))
 *(SORT_BY_ALIGNMENT(.igot))
 *(SORT_BY_ALIGNMENT(.irq_info*))
 *(SORT_BY_ALIGNMENT(.intList*))
 *(SORT_BY_ALIGNMENT(.note.GNU-stack))
                0x0000000000000000                __rom_region_start = 0x0

rom_start       0x0000000000000000      0x410
                0x0000000000000000                __rom_start_address = .
 FILL mask 0x00
                0x0000000000000000                . = (. + (0x0 - (. - __rom_start_address)))
                0x0000000000000000                . = ALIGN (0x4)
                0x0000000000000000                . = ALIGN (0x100)
                0x0000000000000000                . = ALIGN (0x100)
                0x0000000000000000                _vector_start = .
 *(SORT_BY_ALIGNMENT(.exc_vector_table))
 *(SORT_BY_ALIGNMENT(.exc_vector_table.*))
 .exc_vector_table._vector_table_section
                0x0000000000000000       0x40 /home/artur-mateo/College/Sem_7/Embedded_Systems/aula_5/timer/.pio/build/frdm_kl25z/zephyr/arch/arch/arm/core/cortex_m/libarch__arm__core__cortex_m.a(vector_table.S.o)
                0x0000000000000000                _vector_table
 *(SORT_BY_ALIGNMENT(.vectors))
                0x0000000000000040                _vector_end = .
                0x0000000000000040                . = ALIGN (0x4)
 *(SORT_BY_ALIGNMENT(.gnu.linkonce.irq_vector_table*))
 .gnu.linkonce.irq_vector_table
                0x0000000000000040       0x80 .pio/build/frdm_kl25z/zephyr_final/zephyr/isr_tables.c.o
                0x0000000000000040                _irq_vector_table
                0x00000000000000c0                _vector_end = .
                0x0000000000000400                . = 0x400
 *fill*         0x00000000000000c0      0x340 00
 *(SORT_BY_ALIGNMENT(.kinetis_flash_config))
 *(SORT_BY_ALIGNMENT(.kinetis_flash_config.*))
 .kinetis_flash_config."ZEPHYR_BASE/soc/nxp/kinetis/flash_configuration.c".0
                0x0000000000000400       0x10 /home/artur-mateo/College/Sem_7/Embedded_Systems/aula_5/timer/.pio/build/frdm_kl25z/zephyr/libzephyr.a(flash_configuration.c.o)
                0x0000000000000400                __kinetis_flash_config

text            0x0000000000000410     0x3c30
                0x0000000000000410                __text_region_start = .
 *(SORT_BY_ALIGNMENT(.text))
 .text          0x0000000000000410       0x14 /home/artur-mateo/.platformio/packages/toolchain-gccarmnoneeabi/bin/../lib/gcc/arm-none-eabi/8.2.1/thumb/v6-m/nofp/libgcc.a(_thumb1_case_uqi.o)
                0x0000000000000410                __gnu_thumb1_case_uqi
 .text          0x0000000000000424      0x114 /home/artur-mateo/.platformio/packages/toolchain-gccarmnoneeabi/bin/../lib/gcc/arm-none-eabi/8.2.1/thumb/v6-m/nofp/libgcc.a(_udivsi3.o)
                0x0000000000000424                __udivsi3
                0x0000000000000424                __aeabi_uidiv
                0x0000000000000530                __aeabi_uidivmod
 .text          0x0000000000000538      0x1d4 /home/artur-mateo/.platformio/packages/toolchain-gccarmnoneeabi/bin/../lib/gcc/arm-none-eabi/8.2.1/thumb/v6-m/nofp/libgcc.a(_divsi3.o)
                0x0000000000000538                __aeabi_idiv
                0x0000000000000538                __divsi3
                0x0000000000000704                __aeabi_idivmod
 .text          0x000000000000070c        0x4 /home/artur-mateo/.platformio/packages/toolchain-gccarmnoneeabi/bin/../lib/gcc/arm-none-eabi/8.2.1/thumb/v6-m/nofp/libgcc.a(_dvmd_tls.o)
                0x000000000000070c                __aeabi_ldiv0
                0x000000000000070c                __aeabi_idiv0
 .text          0x0000000000000710       0x18 /home/artur-mateo/.platformio/packages/toolchain-gccarmnoneeabi/bin/../lib/gcc/arm-none-eabi/8.2.1/thumb/v6-m/nofp/libgcc.a(_lshrdi3.o)
                0x0000000000000710                __aeabi_llsr
                0x0000000000000710                __lshrdi3
 .text          0x0000000000000728       0x1c /home/artur-mateo/.platformio/packages/toolchain-gccarmnoneeabi/bin/../lib/gcc/arm-none-eabi/8.2.1/thumb/v6-m/nofp/libgcc.a(_ashrdi3.o)
                0x0000000000000728                __ashrdi3
                0x0000000000000728                __aeabi_lasr
 .text          0x0000000000000744       0x18 /home/artur-mateo/.platformio/packages/toolchain-gccarmnoneeabi/bin/../lib/gcc/arm-none-eabi/8.2.1/thumb/v6-m/nofp/libgcc.a(_ashldi3.o)
                0x0000000000000744                __ashldi3
                0x0000000000000744                __aeabi_llsl
 .text          0x000000000000075c       0x3c /home/artur-mateo/.platformio/packages/toolchain-gccarmnoneeabi/bin/../lib/gcc/arm-none-eabi/8.2.1/thumb/v6-m/nofp/libgcc.a(_clzsi2.o)
                0x000000000000075c                __clzsi2
 .text          0x0000000000000798       0x40 /home/artur-mateo/.platformio/packages/toolchain-gccarmnoneeabi/bin/../lib/gcc/arm-none-eabi/8.2.1/thumb/v6-m/nofp/libgcc.a(_aeabi_uldivmod.o)
                0x0000000000000798                __aeabi_uldivmod
 .text          0x00000000000007d8       0x54 /home/artur-mateo/.platformio/packages/toolchain-gccarmnoneeabi/bin/../lib/gcc/arm-none-eabi/8.2.1/thumb/v6-m/nofp/libgcc.a(_muldi3.o)
                0x00000000000007d8                __aeabi_lmul
                0x00000000000007d8                __muldi3
 .text          0x000000000000082c      0x1a4 /home/artur-mateo/.platformio/packages/toolchain-gccarmnoneeabi/bin/../lib/gcc/arm-none-eabi/8.2.1/thumb/v6-m/nofp/libgcc.a(_udivmoddi4.o)
                0x000000000000082c                __udivmoddi4
 .text          0x00000000000009d0       0x18 /home/artur-mateo/.platformio/packages/toolchain-gccarmnoneeabi/bin/../lib/gcc/arm-none-eabi/8.2.1/thumb/v6-m/nofp/libgcc.a(_clzdi2.o)
                0x00000000000009d0                __clzdi2
 *(SORT_BY_ALIGNMENT(.text.*))
 .text.WaitFunction
                0x00000000000009e8       0x3c .pio/build/frdm_kl25z/src/main.o
                0x00000000000009e8                WaitFunction
 .text.BlinkLed
                0x0000000000000a24       0x1c .pio/build/frdm_kl25z/src/main.o
                0x0000000000000a24                BlinkLed
 .text.main     0x0000000000000a40       0x2c .pio/build/frdm_kl25z/src/main.o
                0x0000000000000a40                main
 .text.char_out
                0x0000000000000a6c       0x10 /home/artur-mateo/College/Sem_7/Embedded_Systems/aula_5/timer/.pio/build/frdm_kl25z/zephyr/libzephyr.a(printk.c.o)
 .text.__printk_hook_install
                0x0000000000000a7c        0xc /home/artur-mateo/College/Sem_7/Embedded_Systems/aula_5/timer/.pio/build/frdm_kl25z/zephyr/libzephyr.a(printk.c.o)
                0x0000000000000a7c                __printk_hook_install
 .text.vprintk  0x0000000000000a88       0x30 /home/artur-mateo/College/Sem_7/Embedded_Systems/aula_5/timer/.pio/build/frdm_kl25z/zephyr/libzephyr.a(printk.c.o)
                0x0000000000000a88                vprintk
 .text.clock_init
                0x0000000000000ab8       0x84 /home/artur-mateo/College/Sem_7/Embedded_Systems/aula_5/timer/.pio/build/frdm_kl25z/zephyr/libzephyr.a(soc.c.o)
                0x0000000000000ab8                clock_init
 .text.z_SysNmiOnReset
                0x0000000000000b3c        0x4 /home/artur-mateo/College/Sem_7/Embedded_Systems/aula_5/timer/.pio/build/frdm_kl25z/zephyr/arch/arch/arm/core/libarch__arm__core.a(nmi_on_reset.S.o)
                0x0000000000000b3c                z_SysNmiOnReset
 .text._HandlerModeExit
                0x0000000000000b40       0x20 /home/artur-mateo/College/Sem_7/Embedded_Systems/aula_5/timer/.pio/build/frdm_kl25z/zephyr/arch/arch/arm/core/cortex_m/libarch__arm__core__cortex_m.a(exc_exit.c.o)
                0x0000000000000b40                z_arm_exc_exit
                0x0000000000000b40                z_arm_int_exit
 .text.z_arm_fault
                0x0000000000000b60       0xa8 /home/artur-mateo/College/Sem_7/Embedded_Systems/aula_5/timer/.pio/build/frdm_kl25z/zephyr/arch/arch/arm/core/cortex_m/libarch__arm__core__cortex_m.a(fault.c.o)
                0x0000000000000b60                z_arm_fault
 .text.z_arm_fault_init
                0x0000000000000c08       0x10 /home/artur-mateo/College/Sem_7/Embedded_Systems/aula_5/timer/.pio/build/frdm_kl25z/zephyr/arch/arch/arm/core/cortex_m/libarch__arm__core__cortex_m.a(fault.c.o)
                0x0000000000000c08                z_arm_fault_init
 .text.__fault  0x0000000000000c18       0x14 /home/artur-mateo/College/Sem_7/Embedded_Systems/aula_5/timer/.pio/build/frdm_kl25z/zephyr/arch/arch/arm/core/cortex_m/libarch__arm__core__cortex_m.a(fault_s.S.o)
                0x0000000000000c18                z_arm_exc_spurious
                0x0000000000000c18                z_arm_hard_fault
 .text._reset_section
                0x0000000000000c2c       0x38 /home/artur-mateo/College/Sem_7/Embedded_Systems/aula_5/timer/.pio/build/frdm_kl25z/zephyr/arch/arch/arm/core/cortex_m/libarch__arm__core__cortex_m.a(reset.S.o)
                0x0000000000000c2c                z_arm_reset
                0x0000000000000c2c                __start
 .text.z_impl_k_thread_abort
                0x0000000000000c64       0x38 /home/artur-mateo/College/Sem_7/Embedded_Systems/aula_5/timer/.pio/build/frdm_kl25z/zephyr/arch/arch/arm/core/cortex_m/libarch__arm__core__cortex_m.a(thread_abort.c.o)
                0x0000000000000c64                z_impl_k_thread_abort
 .text.z_arm_pendsv
                0x0000000000000c9c       0x60 /home/artur-mateo/College/Sem_7/Embedded_Systems/aula_5/timer/.pio/build/frdm_kl25z/zephyr/arch/arch/arm/core/cortex_m/libarch__arm__core__cortex_m.a(swap_helper.S.o)
                0x0000000000000c9c                z_arm_pendsv
 .text.z_arm_svc
                0x0000000000000cfc       0x28 /home/artur-mateo/College/Sem_7/Embedded_Systems/aula_5/timer/.pio/build/frdm_kl25z/zephyr/arch/arch/arm/core/cortex_m/libarch__arm__core__cortex_m.a(swap_helper.S.o)
                0x0000000000000cfc                z_arm_svc
 .text.arm_irq_enable
                0x0000000000000d24       0x18 /home/artur-mateo/College/Sem_7/Embedded_Systems/aula_5/timer/.pio/build/frdm_kl25z/zephyr/arch/arch/arm/core/cortex_m/libarch__arm__core__cortex_m.a(irq_manage.c.o)
                0x0000000000000d24                arm_irq_enable
 .text.arm_irq_priority_set
                0x0000000000000d3c       0x54 /home/artur-mateo/College/Sem_7/Embedded_Systems/aula_5/timer/.pio/build/frdm_kl25z/zephyr/arch/arch/arm/core/cortex_m/libarch__arm__core__cortex_m.a(irq_manage.c.o)
                0x0000000000000d3c                arm_irq_priority_set
 .text.relocate_vector_table
                0x0000000000000d90       0x1c /home/artur-mateo/College/Sem_7/Embedded_Systems/aula_5/timer/.pio/build/frdm_kl25z/zephyr/arch/arch/arm/core/cortex_m/libarch__arm__core__cortex_m.a(prep_c.c.o)
                0x0000000000000d90                relocate_vector_table
 .text.arch_new_thread
                0x0000000000000dac       0x2c /home/artur-mateo/College/Sem_7/Embedded_Systems/aula_5/timer/.pio/build/frdm_kl25z/zephyr/arch/arch/arm/core/cortex_m/libarch__arm__core__cortex_m.a(thread.c.o)
                0x0000000000000dac                arch_new_thread
 .text.arch_switch_to_main_thread
                0x0000000000000dd8       0x34 /home/artur-mateo/College/Sem_7/Embedded_Systems/aula_5/timer/.pio/build/frdm_kl25z/zephyr/arch/arch/arm/core/cortex_m/libarch__arm__core__cortex_m.a(thread.c.o)
                0x0000000000000dd8                arch_switch_to_main_thread
 .text.z_arm_cpu_idle_init
                0x0000000000000e0c        0xc /home/artur-mateo/College/Sem_7/Embedded_Systems/aula_5/timer/.pio/build/frdm_kl25z/zephyr/arch/arch/arm/core/cortex_m/libarch__arm__core__cortex_m.a(cpu_idle.c.o)
                0x0000000000000e0c                z_arm_cpu_idle_init
 .text.z_arm_interrupt_init
                0x0000000000000e18       0x30 /home/artur-mateo/College/Sem_7/Embedded_Systems/aula_5/timer/.pio/build/frdm_kl25z/zephyr/arch/arch/arm/core/cortex_m/libarch__arm__core__cortex_m.a(irq_init.c.o)
                0x0000000000000e18                z_arm_interrupt_init
 .text._isr_wrapper
                0x0000000000000e48       0x20 /home/artur-mateo/College/Sem_7/Embedded_Systems/aula_5/timer/.pio/build/frdm_kl25z/zephyr/arch/arch/arm/core/cortex_m/libarch__arm__core__cortex_m.a(isr_wrapper.c.o)
                0x0000000000000e48                _isr_wrapper
 .text.z_impl_zephyr_fputc
                0x0000000000000e68       0x10 /home/artur-mateo/College/Sem_7/Embedded_Systems/aula_5/timer/.pio/build/frdm_kl25z/zephyr/lib/libc/picolibc/liblib__libc__picolibc.a(stdio.c.o)
                0x0000000000000e68                z_impl_zephyr_fputc
 .text.__stdout_hook_install
                0x0000000000000e78       0x18 /home/artur-mateo/College/Sem_7/Embedded_Systems/aula_5/timer/.pio/build/frdm_kl25z/zephyr/lib/libc/picolibc/liblib__libc__picolibc.a(stdio.c.o)
                0x0000000000000e78                __stdout_hook_install
 .text.malloc_prepare
                0x0000000000000e90       0x24 /home/artur-mateo/College/Sem_7/Embedded_Systems/aula_5/timer/.pio/build/frdm_kl25z/zephyr/lib/libc/common/liblib__libc__common.a(malloc.c.o)
 .text.mcux_sim_on
                0x0000000000000eb4       0x1c /home/artur-mateo/College/Sem_7/Embedded_Systems/aula_5/timer/.pio/build/frdm_kl25z/zephyr/drivers/clock_control/libdrivers__clock_control.a(clock_control_mcux_sim.c.o)
 .text.mcux_sim_off
                0x0000000000000ed0       0x1c /home/artur-mateo/College/Sem_7/Embedded_Systems/aula_5/timer/.pio/build/frdm_kl25z/zephyr/drivers/clock_control/libdrivers__clock_control.a(clock_control_mcux_sim.c.o)
 .text.mcux_sim_get_subsys_rate
                0x0000000000000eec       0x30 /home/artur-mateo/College/Sem_7/Embedded_Systems/aula_5/timer/.pio/build/frdm_kl25z/zephyr/drivers/clock_control/libdrivers__clock_control.a(clock_control_mcux_sim.c.o)
 .text.uart_console_init
                0x0000000000000f1c       0x2c /home/artur-mateo/College/Sem_7/Embedded_Systems/aula_5/timer/.pio/build/frdm_kl25z/zephyr/drivers/console/libdrivers__console.a(uart_console.c.o)
 .text.uart_poll_out.constprop.23
                0x0000000000000f48       0x14 /home/artur-mateo/College/Sem_7/Embedded_Systems/aula_5/timer/.pio/build/frdm_kl25z/zephyr/drivers/console/libdrivers__console.a(uart_console.c.o)
 .text.gpio_mcux_port_configure
                0x0000000000000f5c       0xa0 /home/artur-mateo/College/Sem_7/Embedded_Systems/aula_5/timer/.pio/build/frdm_kl25z/zephyr/drivers/gpio/libdrivers__gpio.a(gpio_mcux.c.o)
 .text.gpio_mcux_pin_interrupt_configure
                0x0000000000000ffc       0x88 /home/artur-mateo/College/Sem_7/Embedded_Systems/aula_5/timer/.pio/build/frdm_kl25z/zephyr/drivers/gpio/libdrivers__gpio.a(gpio_mcux.c.o)
 .text.pinctrl_configure_pins
                0x0000000000001084       0x44 /home/artur-mateo/College/Sem_7/Embedded_Systems/aula_5/timer/.pio/build/frdm_kl25z/zephyr/drivers/pinctrl/libdrivers__pinctrl.a(pinctrl_nxp_port.c.o)
                0x0000000000001084                pinctrl_configure_pins
 .text.elapsed  0x00000000000010c8       0x40 /home/artur-mateo/College/Sem_7/Embedded_Systems/aula_5/timer/.pio/build/frdm_kl25z/zephyr/drivers/timer/libdrivers__timer.a(cortex_m_systick.c.o)
 .text.sys_clock_driver_init
                0x0000000000001108       0x40 /home/artur-mateo/College/Sem_7/Embedded_Systems/aula_5/timer/.pio/build/frdm_kl25z/zephyr/drivers/timer/libdrivers__timer.a(cortex_m_systick.c.o)
 .text.sys_clock_isr
                0x0000000000001148       0x44 /home/artur-mateo/College/Sem_7/Embedded_Systems/aula_5/timer/.pio/build/frdm_kl25z/zephyr/drivers/timer/libdrivers__timer.a(cortex_m_systick.c.o)
                0x0000000000001148                sys_clock_isr
 .text.sys_clock_set_timeout
                0x000000000000118c       0xf8 /home/artur-mateo/College/Sem_7/Embedded_Systems/aula_5/timer/.pio/build/frdm_kl25z/zephyr/drivers/timer/libdrivers__timer.a(cortex_m_systick.c.o)
                0x000000000000118c                sys_clock_set_timeout
 .text.sys_clock_elapsed
                0x0000000000001284       0x34 /home/artur-mateo/College/Sem_7/Embedded_Systems/aula_5/timer/.pio/build/frdm_kl25z/zephyr/drivers/timer/libdrivers__timer.a(cortex_m_systick.c.o)
                0x0000000000001284                sys_clock_elapsed
 .text.CLOCK_GetFllExtRefClkFreq
                0x00000000000012b8       0x3c /home/artur-mateo/College/Sem_7/Embedded_Systems/aula_5/timer/.pio/build/frdm_kl25z/modules/hal_nxp/libmodules__hal_nxp.a(fsl_clock.c.o)
 .text.CLOCK_GetInternalRefClkSelectFreq
                0x00000000000012f4       0x28 /home/artur-mateo/College/Sem_7/Embedded_Systems/aula_5/timer/.pio/build/frdm_kl25z/modules/hal_nxp/libmodules__hal_nxp.a(fsl_clock.c.o)
 .text.CLOCK_GetOsc0ErClkFreq
                0x000000000000131c       0x1c /home/artur-mateo/College/Sem_7/Embedded_Systems/aula_5/timer/.pio/build/frdm_kl25z/modules/hal_nxp/libmodules__hal_nxp.a(fsl_clock.c.o)
                0x000000000000131c                CLOCK_GetOsc0ErClkFreq
 .text.CLOCK_GetEr32kClkFreq
                0x0000000000001338       0x40 /home/artur-mateo/College/Sem_7/Embedded_Systems/aula_5/timer/.pio/build/frdm_kl25z/modules/hal_nxp/libmodules__hal_nxp.a(fsl_clock.c.o)
                0x0000000000001338                CLOCK_GetEr32kClkFreq
 .text.CLOCK_SetSimConfig
                0x0000000000001378       0x4c /home/artur-mateo/College/Sem_7/Embedded_Systems/aula_5/timer/.pio/build/frdm_kl25z/modules/hal_nxp/libmodules__hal_nxp.a(fsl_clock.c.o)
                0x0000000000001378                CLOCK_SetSimConfig
 .text.CLOCK_GetFllFreq
                0x00000000000013c4       0x4c /home/artur-mateo/College/Sem_7/Embedded_Systems/aula_5/timer/.pio/build/frdm_kl25z/modules/hal_nxp/libmodules__hal_nxp.a(fsl_clock.c.o)
                0x00000000000013c4                CLOCK_GetFllFreq
 .text.CLOCK_GetInternalRefClkFreq
                0x0000000000001410       0x18 /home/artur-mateo/College/Sem_7/Embedded_Systems/aula_5/timer/.pio/build/frdm_kl25z/modules/hal_nxp/libmodules__hal_nxp.a(fsl_clock.c.o)
                0x0000000000001410                CLOCK_GetInternalRefClkFreq
 .text.CLOCK_GetPll0Freq
                0x0000000000001428       0x30 /home/artur-mateo/College/Sem_7/Embedded_Systems/aula_5/timer/.pio/build/frdm_kl25z/modules/hal_nxp/libmodules__hal_nxp.a(fsl_clock.c.o)
                0x0000000000001428                CLOCK_GetPll0Freq
 .text.CLOCK_GetPllFllSelClkFreq
                0x0000000000001458       0x24 /home/artur-mateo/College/Sem_7/Embedded_Systems/aula_5/timer/.pio/build/frdm_kl25z/modules/hal_nxp/libmodules__hal_nxp.a(fsl_clock.c.o)
                0x0000000000001458                CLOCK_GetPllFllSelClkFreq
 .text.CLOCK_GetOutClkFreq
                0x000000000000147c       0x38 /home/artur-mateo/College/Sem_7/Embedded_Systems/aula_5/timer/.pio/build/frdm_kl25z/modules/hal_nxp/libmodules__hal_nxp.a(fsl_clock.c.o)
                0x000000000000147c                CLOCK_GetOutClkFreq
 .text.CLOCK_GetFixedFreqClkFreq
                0x00000000000014b4       0x34 /home/artur-mateo/College/Sem_7/Embedded_Systems/aula_5/timer/.pio/build/frdm_kl25z/modules/hal_nxp/libmodules__hal_nxp.a(fsl_clock.c.o)
                0x00000000000014b4                CLOCK_GetFixedFreqClkFreq
 .text.CLOCK_GetFreq
                0x00000000000014e8       0x84 /home/artur-mateo/College/Sem_7/Embedded_Systems/aula_5/timer/.pio/build/frdm_kl25z/modules/hal_nxp/libmodules__hal_nxp.a(fsl_clock.c.o)
                0x00000000000014e8                CLOCK_GetFreq
 .text.CLOCK_SetInternalRefClkConfig
                0x000000000000156c       0x74 /home/artur-mateo/College/Sem_7/Embedded_Systems/aula_5/timer/.pio/build/frdm_kl25z/modules/hal_nxp/libmodules__hal_nxp.a(fsl_clock.c.o)
                0x000000000000156c                CLOCK_SetInternalRefClkConfig
 .text.CLOCK_EnablePll0
                0x00000000000015e0       0x30 /home/artur-mateo/College/Sem_7/Embedded_Systems/aula_5/timer/.pio/build/frdm_kl25z/modules/hal_nxp/libmodules__hal_nxp.a(fsl_clock.c.o)
                0x00000000000015e0                CLOCK_EnablePll0
 .text.CLOCK_InitOsc0
                0x0000000000001610       0x6c /home/artur-mateo/College/Sem_7/Embedded_Systems/aula_5/timer/.pio/build/frdm_kl25z/modules/hal_nxp/libmodules__hal_nxp.a(fsl_clock.c.o)
                0x0000000000001610                CLOCK_InitOsc0
 .text.CLOCK_SetPbeMode
                0x000000000000167c       0x50 /home/artur-mateo/College/Sem_7/Embedded_Systems/aula_5/timer/.pio/build/frdm_kl25z/modules/hal_nxp/libmodules__hal_nxp.a(fsl_clock.c.o)
                0x000000000000167c                CLOCK_SetPbeMode
 .text.CLOCK_BootToPeeMode
                0x00000000000016cc       0x2c /home/artur-mateo/College/Sem_7/Embedded_Systems/aula_5/timer/.pio/build/frdm_kl25z/modules/hal_nxp/libmodules__hal_nxp.a(fsl_clock.c.o)
                0x00000000000016cc                CLOCK_BootToPeeMode
 .text.SystemInit
                0x00000000000016f8       0x10 /home/artur-mateo/College/Sem_7/Embedded_Systems/aula_5/timer/.pio/build/frdm_kl25z/modules/hal_nxp/libmodules__hal_nxp.a(system_MKL25Z4.c.o)
                0x00000000000016f8                SystemInit
 .text.LPSCI_Init
                0x0000000000001708      0x134 /home/artur-mateo/College/Sem_7/Embedded_Systems/aula_5/timer/.pio/build/frdm_kl25z/modules/hal_nxp/libmodules__hal_nxp.a(fsl_lpsci.c.o)
                0x0000000000001708                LPSCI_Init
 .text.LPSCI_EnableInterrupts
                0x000000000000183c       0x24 /home/artur-mateo/College/Sem_7/Embedded_Systems/aula_5/timer/.pio/build/frdm_kl25z/modules/hal_nxp/libmodules__hal_nxp.a(fsl_lpsci.c.o)
                0x000000000000183c                LPSCI_EnableInterrupts
 .text.LPSCI_DisableInterrupts
                0x0000000000001860       0x20 /home/artur-mateo/College/Sem_7/Embedded_Systems/aula_5/timer/.pio/build/frdm_kl25z/modules/hal_nxp/libmodules__hal_nxp.a(fsl_lpsci.c.o)
                0x0000000000001860                LPSCI_DisableInterrupts
 .text.LPSCI_GetEnabledInterrupts
                0x0000000000001880       0x18 /home/artur-mateo/College/Sem_7/Embedded_Systems/aula_5/timer/.pio/build/frdm_kl25z/modules/hal_nxp/libmodules__hal_nxp.a(fsl_lpsci.c.o)
                0x0000000000001880                LPSCI_GetEnabledInterrupts
 .text.LPSCI_ClearStatusFlags
                0x0000000000001898       0x54 /home/artur-mateo/College/Sem_7/Embedded_Systems/aula_5/timer/.pio/build/frdm_kl25z/modules/hal_nxp/libmodules__hal_nxp.a(fsl_lpsci.c.o)
                0x0000000000001898                LPSCI_ClearStatusFlags
 .text.z_fatal_error
                0x00000000000018ec       0x28 /home/artur-mateo/College/Sem_7/Embedded_Systems/aula_5/timer/.pio/build/frdm_kl25z/zephyr/kernel/libkernel.a(fatal.c.o)
                0x00000000000018ec                z_fatal_error
 .text.z_sys_init_run_level
                0x0000000000001914       0x34 /home/artur-mateo/College/Sem_7/Embedded_Systems/aula_5/timer/.pio/build/frdm_kl25z/zephyr/kernel/libkernel.a(init.c.o)
 .text.bg_thread_main
                0x0000000000001948       0xa8 /home/artur-mateo/College/Sem_7/Embedded_Systems/aula_5/timer/.pio/build/frdm_kl25z/zephyr/kernel/libkernel.a(init.c.o)
 .text.z_bss_zero
                0x00000000000019f0       0x18 /home/artur-mateo/College/Sem_7/Embedded_Systems/aula_5/timer/.pio/build/frdm_kl25z/zephyr/kernel/libkernel.a(init.c.o)
                0x00000000000019f0                z_bss_zero
 .text.z_init_cpu
                0x0000000000001a08       0x68 /home/artur-mateo/College/Sem_7/Embedded_Systems/aula_5/timer/.pio/build/frdm_kl25z/zephyr/kernel/libkernel.a(init.c.o)
                0x0000000000001a08                z_init_cpu
 .text.z_cstart
                0x0000000000001a70       0xb8 /home/artur-mateo/College/Sem_7/Embedded_Systems/aula_5/timer/.pio/build/frdm_kl25z/zephyr/kernel/libkernel.a(init.c.o)
                0x0000000000001a70                z_cstart
 .text.z_setup_new_thread
                0x0000000000001b28       0x58 /home/artur-mateo/College/Sem_7/Embedded_Systems/aula_5/timer/.pio/build/frdm_kl25z/zephyr/kernel/libkernel.a(thread.c.o)
                0x0000000000001b28                z_setup_new_thread
 .text.z_dummy_thread_init
                0x0000000000001b80       0x14 /home/artur-mateo/College/Sem_7/Embedded_Systems/aula_5/timer/.pio/build/frdm_kl25z/zephyr/kernel/libkernel.a(thread.c.o)
                0x0000000000001b80                z_dummy_thread_init
 .text.z_swap_irqlock
                0x0000000000001b94       0x2c /home/artur-mateo/College/Sem_7/Embedded_Systems/aula_5/timer/.pio/build/frdm_kl25z/zephyr/kernel/libkernel.a(sched.c.o)
 .text.ready_thread
                0x0000000000001bc0       0x94 /home/artur-mateo/College/Sem_7/Embedded_Systems/aula_5/timer/.pio/build/frdm_kl25z/zephyr/kernel/libkernel.a(sched.c.o)
 .text.move_thread_to_end_of_prio_q
                0x0000000000001c54       0xa0 /home/artur-mateo/College/Sem_7/Embedded_Systems/aula_5/timer/.pio/build/frdm_kl25z/zephyr/kernel/libkernel.a(sched.c.o)
                0x0000000000001c54                move_thread_to_end_of_prio_q
 .text.z_reschedule
                0x0000000000001cf4       0x2c /home/artur-mateo/College/Sem_7/Embedded_Systems/aula_5/timer/.pio/build/frdm_kl25z/zephyr/kernel/libkernel.a(sched.c.o)
                0x0000000000001cf4                z_reschedule
 .text.z_reschedule_irqlock
                0x0000000000001d20       0x2c /home/artur-mateo/College/Sem_7/Embedded_Systems/aula_5/timer/.pio/build/frdm_kl25z/zephyr/kernel/libkernel.a(sched.c.o)
                0x0000000000001d20                z_reschedule_irqlock
 .text.k_sched_lock
                0x0000000000001d4c       0x20 /home/artur-mateo/College/Sem_7/Embedded_Systems/aula_5/timer/.pio/build/frdm_kl25z/zephyr/kernel/libkernel.a(sched.c.o)
                0x0000000000001d4c                k_sched_lock
 .text.k_sched_unlock
                0x0000000000001d6c       0x60 /home/artur-mateo/College/Sem_7/Embedded_Systems/aula_5/timer/.pio/build/frdm_kl25z/zephyr/kernel/libkernel.a(sched.c.o)
                0x0000000000001d6c                k_sched_unlock
 .text.z_sched_init
                0x0000000000001dcc       0x14 /home/artur-mateo/College/Sem_7/Embedded_Systems/aula_5/timer/.pio/build/frdm_kl25z/zephyr/kernel/libkernel.a(sched.c.o)
                0x0000000000001dcc                z_sched_init
 .text.z_impl_k_wakeup
                0x0000000000001de0       0x40 /home/artur-mateo/College/Sem_7/Embedded_Systems/aula_5/timer/.pio/build/frdm_kl25z/zephyr/kernel/libkernel.a(sched.c.o)
                0x0000000000001de0                z_impl_k_wakeup
 .text.z_impl_k_sched_current_thread_query
                0x0000000000001e20        0xc /home/artur-mateo/College/Sem_7/Embedded_Systems/aula_5/timer/.pio/build/frdm_kl25z/zephyr/kernel/libkernel.a(sched.c.o)
                0x0000000000001e20                z_impl_k_sched_current_thread_query
 .text.z_thread_abort
                0x0000000000001e2c      0x128 /home/artur-mateo/College/Sem_7/Embedded_Systems/aula_5/timer/.pio/build/frdm_kl25z/zephyr/kernel/libkernel.a(sched.c.o)
                0x0000000000001e2c                z_thread_abort
 .text.slice_timeout
                0x0000000000001f54       0x20 /home/artur-mateo/College/Sem_7/Embedded_Systems/aula_5/timer/.pio/build/frdm_kl25z/zephyr/kernel/libkernel.a(timeslicing.c.o)
 .text.thread_is_sliceable
                0x0000000000001f74       0x40 /home/artur-mateo/College/Sem_7/Embedded_Systems/aula_5/timer/.pio/build/frdm_kl25z/zephyr/kernel/libkernel.a(timeslicing.c.o)
                0x0000000000001f74                thread_is_sliceable
 .text.z_reset_time_slice
                0x0000000000001fb4       0x4c /home/artur-mateo/College/Sem_7/Embedded_Systems/aula_5/timer/.pio/build/frdm_kl25z/zephyr/kernel/libkernel.a(timeslicing.c.o)
                0x0000000000001fb4                z_reset_time_slice
 .text.z_time_slice
                0x0000000000002000       0x58 /home/artur-mateo/College/Sem_7/Embedded_Systems/aula_5/timer/.pio/build/frdm_kl25z/zephyr/kernel/libkernel.a(timeslicing.c.o)
                0x0000000000002000                z_time_slice
 .text.z_data_copy
                0x0000000000002058       0x34 /home/artur-mateo/College/Sem_7/Embedded_Systems/aula_5/timer/.pio/build/frdm_kl25z/zephyr/kernel/libkernel.a(xip.c.o)
                0x0000000000002058                z_data_copy
 .text.first    0x000000000000208c       0x10 /home/artur-mateo/College/Sem_7/Embedded_Systems/aula_5/timer/.pio/build/frdm_kl25z/zephyr/kernel/libkernel.a(timeout.c.o)
 .text.next_timeout
                0x000000000000209c       0x38 /home/artur-mateo/College/Sem_7/Embedded_Systems/aula_5/timer/.pio/build/frdm_kl25z/zephyr/kernel/libkernel.a(timeout.c.o)
 .text.elapsed  0x00000000000020d4       0x18 /home/artur-mateo/College/Sem_7/Embedded_Systems/aula_5/timer/.pio/build/frdm_kl25z/zephyr/kernel/libkernel.a(timeout.c.o)
 .text.remove_timeout
                0x00000000000020ec       0x38 /home/artur-mateo/College/Sem_7/Embedded_Systems/aula_5/timer/.pio/build/frdm_kl25z/zephyr/kernel/libkernel.a(timeout.c.o)
 .text.z_add_timeout
                0x0000000000002124      0x120 /home/artur-mateo/College/Sem_7/Embedded_Systems/aula_5/timer/.pio/build/frdm_kl25z/zephyr/kernel/libkernel.a(timeout.c.o)
                0x0000000000002124                z_add_timeout
 .text.sys_clock_announce
                0x0000000000002244       0xd0 /home/artur-mateo/College/Sem_7/Embedded_Systems/aula_5/timer/.pio/build/frdm_kl25z/zephyr/kernel/libkernel.a(timeout.c.o)
                0x0000000000002244                sys_clock_announce
 .text.boot_banner
                0x0000000000002314       0x10 /home/artur-mateo/College/Sem_7/Embedded_Systems/aula_5/timer/.pio/build/frdm_kl25z/zephyr/kernel/libkernel.a(banner.c.o)
                0x0000000000002314                boot_banner
 .text.statics_init
                0x0000000000002324       0x24 /home/artur-mateo/College/Sem_7/Embedded_Systems/aula_5/timer/.pio/build/frdm_kl25z/zephyr/kernel/libkernel.a(kheap.c.o)
 .text.vfprintf
                0x0000000000002348      0x978 /home/artur-mateo/College/Sem_7/Embedded_Systems/aula_5/timer/.pio/build/frdm_kl25z/modules/picolibc/libc.a(vfprintf.c.o)
                0x0000000000002348                __d_vfprintf
                0x0000000000002348                vfprintf
 .text.div10    0x0000000000002cc0       0x28 /home/artur-mateo/College/Sem_7/Embedded_Systems/aula_5/timer/.pio/build/frdm_kl25z/modules/picolibc/libc.a(dtoa_ryu.c.o)
 .text.__dtoa_engine
                0x0000000000002ce8      0x4d8 /home/artur-mateo/College/Sem_7/Embedded_Systems/aula_5/timer/.pio/build/frdm_kl25z/modules/picolibc/libc.a(dtoa_ryu.c.o)
                0x0000000000002ce8                __dtoa_engine
 .text.__log10Pow2
                0x00000000000031c0        0xc /home/artur-mateo/College/Sem_7/Embedded_Systems/aula_5/timer/.pio/build/frdm_kl25z/modules/picolibc/libc.a(ryu_log10.c.o)
                0x00000000000031c0                __log10Pow2
 .text.__log10Pow5
                0x00000000000031cc        0xc /home/artur-mateo/College/Sem_7/Embedded_Systems/aula_5/timer/.pio/build/frdm_kl25z/modules/picolibc/libc.a(ryu_log10.c.o)
                0x00000000000031cc                __log10Pow5
 .text.__pow5bits
                0x00000000000031d8       0x10 /home/artur-mateo/College/Sem_7/Embedded_Systems/aula_5/timer/.pio/build/frdm_kl25z/modules/picolibc/libc.a(ryu_pow5bits.c.o)
                0x00000000000031d8                __pow5bits
 .text.__pow5Factor
                0x00000000000031e8       0x2c /home/artur-mateo/College/Sem_7/Embedded_Systems/aula_5/timer/.pio/build/frdm_kl25z/modules/picolibc/libc.a(ryu_table.c.o)
                0x00000000000031e8                __pow5Factor
 .text.__double_computePow5
                0x0000000000003214      0x104 /home/artur-mateo/College/Sem_7/Embedded_Systems/aula_5/timer/.pio/build/frdm_kl25z/modules/picolibc/libc.a(ryu_table.c.o)
                0x0000000000003214                __double_computePow5
 .text.__double_computeInvPow5
                0x0000000000003318      0x110 /home/artur-mateo/College/Sem_7/Embedded_Systems/aula_5/timer/.pio/build/frdm_kl25z/modules/picolibc/libc.a(ryu_table.c.o)
                0x0000000000003318                __double_computeInvPow5
 .text.__dtox_engine
                0x0000000000003428      0x138 /home/artur-mateo/College/Sem_7/Embedded_Systems/aula_5/timer/.pio/build/frdm_kl25z/modules/picolibc/libc.a(dtox_engine.c.o)
                0x0000000000003428                __dtox_engine
 .text.chunk_size
                0x0000000000003560        0xa /home/artur-mateo/College/Sem_7/Embedded_Systems/aula_5/timer/.pio/build/frdm_kl25z/zephyr/libzephyr.a(heap.c.o)
 .text.free_list_add
                0x000000000000356a       0x52 /home/artur-mateo/College/Sem_7/Embedded_Systems/aula_5/timer/.pio/build/frdm_kl25z/zephyr/libzephyr.a(heap.c.o)
 .text.sys_heap_init
                0x00000000000035bc       0x64 /home/artur-mateo/College/Sem_7/Embedded_Systems/aula_5/timer/.pio/build/frdm_kl25z/zephyr/libzephyr.a(heap.c.o)
                0x00000000000035bc                sys_heap_init
 .text.arch_printk_char_out
                0x0000000000003620        0x4 /home/artur-mateo/College/Sem_7/Embedded_Systems/aula_5/timer/.pio/build/frdm_kl25z/zephyr/libzephyr.a(printk.c.o)
                0x0000000000003620                arch_printk_char_out
 .text.printk   0x0000000000003624       0x16 /home/artur-mateo/College/Sem_7/Embedded_Systems/aula_5/timer/.pio/build/frdm_kl25z/zephyr/libzephyr.a(printk.c.o)
                0x0000000000003624                printk
 .text.z_thread_entry
                0x000000000000363a       0x14 /home/artur-mateo/College/Sem_7/Embedded_Systems/aula_5/timer/.pio/build/frdm_kl25z/zephyr/libzephyr.a(thread_entry.c.o)
                0x000000000000363a                z_thread_entry
 .text._ConfigAbsSyms
                0x000000000000364e        0x2 /home/artur-mateo/College/Sem_7/Embedded_Systems/aula_5/timer/.pio/build/frdm_kl25z/zephyr/libzephyr.a(configs.c.o)
                0x000000000000364e                _ConfigAbsSyms
 .text.soc_early_init_hook
                0x0000000000003650        0x8 /home/artur-mateo/College/Sem_7/Embedded_Systems/aula_5/timer/.pio/build/frdm_kl25z/zephyr/libzephyr.a(soc.c.o)
                0x0000000000003650                soc_early_init_hook
 .text.soc_reset_hook
                0x0000000000003658        0x8 /home/artur-mateo/College/Sem_7/Embedded_Systems/aula_5/timer/.pio/build/frdm_kl25z/zephyr/libzephyr.a(soc.c.o)
                0x0000000000003658                soc_reset_hook
 .text.z_arm_fatal_error
                0x0000000000003660       0x10 /home/artur-mateo/College/Sem_7/Embedded_Systems/aula_5/timer/.pio/build/frdm_kl25z/zephyr/arch/arch/arm/core/libarch__arm__core.a(fatal.c.o)
                0x0000000000003660                z_arm_fatal_error
 .text.z_do_kernel_oops
                0x0000000000003670        0xc /home/artur-mateo/College/Sem_7/Embedded_Systems/aula_5/timer/.pio/build/frdm_kl25z/zephyr/arch/arch/arm/core/libarch__arm__core.a(fatal.c.o)
                0x0000000000003670                z_do_kernel_oops
 .text.z_arm_nmi
                0x000000000000367c        0xc /home/artur-mateo/College/Sem_7/Embedded_Systems/aula_5/timer/.pio/build/frdm_kl25z/zephyr/arch/arch/arm/core/libarch__arm__core.a(nmi.c.o)
                0x000000000000367c                z_arm_nmi
 .text.z_irq_spurious
                0x0000000000003688        0xc /home/artur-mateo/College/Sem_7/Embedded_Systems/aula_5/timer/.pio/build/frdm_kl25z/zephyr/arch/arch/arm/core/cortex_m/libarch__arm__core__cortex_m.a(irq_manage.c.o)
                0x0000000000003688                z_irq_spurious
 .text.z_prep_c
                0x0000000000003694       0x16 /home/artur-mateo/College/Sem_7/Embedded_Systems/aula_5/timer/.pio/build/frdm_kl25z/zephyr/arch/arch/arm/core/cortex_m/libarch__arm__core__cortex_m.a(prep_c.c.o)
                0x0000000000003694                z_prep_c
 .text.arch_irq_unlock_outlined
                0x00000000000036aa        0xc /home/artur-mateo/College/Sem_7/Embedded_Systems/aula_5/timer/.pio/build/frdm_kl25z/zephyr/arch/arch/arm/core/cortex_m/libarch__arm__core__cortex_m.a(thread.c.o)
                0x00000000000036aa                arch_irq_unlock_outlined
 .text.arch_cpu_idle
                0x00000000000036b6        0xe /home/artur-mateo/College/Sem_7/Embedded_Systems/aula_5/timer/.pio/build/frdm_kl25z/zephyr/arch/arch/arm/core/cortex_m/libarch__arm__core__cortex_m.a(cpu_idle.c.o)
                0x00000000000036b6                arch_cpu_idle
 .text.picolibc_put
                0x00000000000036c4        0xa /home/artur-mateo/College/Sem_7/Embedded_Systems/aula_5/timer/.pio/build/frdm_kl25z/zephyr/lib/libc/picolibc/liblib__libc__picolibc.a(stdio.c.o)
 .text.mcux_mcg_on
                0x00000000000036ce        0x4 /home/artur-mateo/College/Sem_7/Embedded_Systems/aula_5/timer/.pio/build/frdm_kl25z/zephyr/drivers/clock_control/libdrivers__clock_control.a(clock_control_mcux_mcg.c.o)
 .text.mcux_mcg_get_rate
                0x00000000000036d2       0x24 /home/artur-mateo/College/Sem_7/Embedded_Systems/aula_5/timer/.pio/build/frdm_kl25z/zephyr/drivers/clock_control/libdrivers__clock_control.a(clock_control_mcux_mcg.c.o)
 .text.mcux_mcg_off
                0x00000000000036f6        0x4 /home/artur-mateo/College/Sem_7/Embedded_Systems/aula_5/timer/.pio/build/frdm_kl25z/zephyr/drivers/clock_control/libdrivers__clock_control.a(clock_control_mcux_mcg.c.o)
 .text.mcux_sim_init
                0x00000000000036fa        0x4 /home/artur-mateo/College/Sem_7/Embedded_Systems/aula_5/timer/.pio/build/frdm_kl25z/zephyr/drivers/clock_control/libdrivers__clock_control.a(clock_control_mcux_sim.c.o)
 .text.console_out
                0x00000000000036fe       0x18 /home/artur-mateo/College/Sem_7/Embedded_Systems/aula_5/timer/.pio/build/frdm_kl25z/zephyr/drivers/console/libdrivers__console.a(uart_console.c.o)
 .text.gpio_mcux_port_get_raw
                0x0000000000003716        0xc /home/artur-mateo/College/Sem_7/Embedded_Systems/aula_5/timer/.pio/build/frdm_kl25z/zephyr/drivers/gpio/libdrivers__gpio.a(gpio_mcux.c.o)
 .text.gpio_mcux_port_set_masked_raw
                0x0000000000003722       0x12 /home/artur-mateo/College/Sem_7/Embedded_Systems/aula_5/timer/.pio/build/frdm_kl25z/zephyr/drivers/gpio/libdrivers__gpio.a(gpio_mcux.c.o)
 .text.gpio_mcux_port_set_bits_raw
                0x0000000000003734        0xa /home/artur-mateo/College/Sem_7/Embedded_Systems/aula_5/timer/.pio/build/frdm_kl25z/zephyr/drivers/gpio/libdrivers__gpio.a(gpio_mcux.c.o)
 .text.gpio_mcux_port_clear_bits_raw
                0x000000000000373e        0xa /home/artur-mateo/College/Sem_7/Embedded_Systems/aula_5/timer/.pio/build/frdm_kl25z/zephyr/drivers/gpio/libdrivers__gpio.a(gpio_mcux.c.o)
 .text.gpio_mcux_port_toggle_bits
                0x0000000000003748        0xa /home/artur-mateo/College/Sem_7/Embedded_Systems/aula_5/timer/.pio/build/frdm_kl25z/zephyr/drivers/gpio/libdrivers__gpio.a(gpio_mcux.c.o)
 .text.gpio_mcux_manage_callback
                0x0000000000003752       0x5c /home/artur-mateo/College/Sem_7/Embedded_Systems/aula_5/timer/.pio/build/frdm_kl25z/zephyr/drivers/gpio/libdrivers__gpio.a(gpio_mcux.c.o)
 .text.gpio_mcux_port_isr
                0x00000000000037ae       0x30 /home/artur-mateo/College/Sem_7/Embedded_Systems/aula_5/timer/.pio/build/frdm_kl25z/zephyr/drivers/gpio/libdrivers__gpio.a(gpio_mcux.c.o)
 .text.gpio_mcux_port1_init
                0x00000000000037de        0x4 /home/artur-mateo/College/Sem_7/Embedded_Systems/aula_5/timer/.pio/build/frdm_kl25z/zephyr/drivers/gpio/libdrivers__gpio.a(gpio_mcux.c.o)
 .text.gpio_mcux_port0_init
                0x00000000000037e2       0x16 /home/artur-mateo/College/Sem_7/Embedded_Systems/aula_5/timer/.pio/build/frdm_kl25z/zephyr/drivers/gpio/libdrivers__gpio.a(gpio_mcux.c.o)
 .text.gpio_mcux_port2_init
                0x00000000000037f8       0x16 /home/artur-mateo/College/Sem_7/Embedded_Systems/aula_5/timer/.pio/build/frdm_kl25z/zephyr/drivers/gpio/libdrivers__gpio.a(gpio_mcux.c.o)
 .text.pinctrl_lookup_state
                0x000000000000380e       0x28 /home/artur-mateo/College/Sem_7/Embedded_Systems/aula_5/timer/.pio/build/frdm_kl25z/zephyr/drivers/pinctrl/libdrivers__pinctrl.a(common.c.o)
                0x000000000000380e                pinctrl_lookup_state
 .text.pinctrl_mcux_init
                0x0000000000003836       0x28 /home/artur-mateo/College/Sem_7/Embedded_Systems/aula_5/timer/.pio/build/frdm_kl25z/zephyr/drivers/pinctrl/libdrivers__pinctrl.a(pinctrl_nxp_port.c.o)
 .text.mcux_lpsci_irq_update
                0x000000000000385e        0x4 /home/artur-mateo/College/Sem_7/Embedded_Systems/aula_5/timer/.pio/build/frdm_kl25z/zephyr/drivers/serial/libdrivers__serial.a(uart_mcux_lpsci.c.o)
 .text.mcux_lpsci_irq_callback_set
                0x0000000000003862        0x6 /home/artur-mateo/College/Sem_7/Embedded_Systems/aula_5/timer/.pio/build/frdm_kl25z/zephyr/drivers/serial/libdrivers__serial.a(uart_mcux_lpsci.c.o)
 .text.mcux_lpsci_isr
                0x0000000000003868       0x10 /home/artur-mateo/College/Sem_7/Embedded_Systems/aula_5/timer/.pio/build/frdm_kl25z/zephyr/drivers/serial/libdrivers__serial.a(uart_mcux_lpsci.c.o)
 .text.mcux_lpsci_irq_err_disable
                0x0000000000003878       0x10 /home/artur-mateo/College/Sem_7/Embedded_Systems/aula_5/timer/.pio/build/frdm_kl25z/zephyr/drivers/serial/libdrivers__serial.a(uart_mcux_lpsci.c.o)
 .text.mcux_lpsci_irq_rx_disable
                0x0000000000003888       0x10 /home/artur-mateo/College/Sem_7/Embedded_Systems/aula_5/timer/.pio/build/frdm_kl25z/zephyr/drivers/serial/libdrivers__serial.a(uart_mcux_lpsci.c.o)
 .text.mcux_lpsci_irq_tx_disable
                0x0000000000003898       0x10 /home/artur-mateo/College/Sem_7/Embedded_Systems/aula_5/timer/.pio/build/frdm_kl25z/zephyr/drivers/serial/libdrivers__serial.a(uart_mcux_lpsci.c.o)
 .text.mcux_lpsci_irq_err_enable
                0x00000000000038a8       0x10 /home/artur-mateo/College/Sem_7/Embedded_Systems/aula_5/timer/.pio/build/frdm_kl25z/zephyr/drivers/serial/libdrivers__serial.a(uart_mcux_lpsci.c.o)
 .text.mcux_lpsci_irq_rx_enable
                0x00000000000038b8       0x10 /home/artur-mateo/College/Sem_7/Embedded_Systems/aula_5/timer/.pio/build/frdm_kl25z/zephyr/drivers/serial/libdrivers__serial.a(uart_mcux_lpsci.c.o)
 .text.mcux_lpsci_irq_tx_enable
                0x00000000000038c8       0x10 /home/artur-mateo/College/Sem_7/Embedded_Systems/aula_5/timer/.pio/build/frdm_kl25z/zephyr/drivers/serial/libdrivers__serial.a(uart_mcux_lpsci.c.o)
 .text.mcux_lpsci_irq_rx_full
                0x00000000000038d8       0x10 /home/artur-mateo/College/Sem_7/Embedded_Systems/aula_5/timer/.pio/build/frdm_kl25z/zephyr/drivers/serial/libdrivers__serial.a(uart_mcux_lpsci.c.o)
 .text.mcux_lpsci_irq_tx_complete
                0x00000000000038e8       0x10 /home/artur-mateo/College/Sem_7/Embedded_Systems/aula_5/timer/.pio/build/frdm_kl25z/zephyr/drivers/serial/libdrivers__serial.a(uart_mcux_lpsci.c.o)
 .text.mcux_lpsci_irq_tx_ready
                0x00000000000038f8       0x20 /home/artur-mateo/College/Sem_7/Embedded_Systems/aula_5/timer/.pio/build/frdm_kl25z/zephyr/drivers/serial/libdrivers__serial.a(uart_mcux_lpsci.c.o)
 .text.mcux_lpsci_fifo_read
                0x0000000000003918       0x2a /home/artur-mateo/College/Sem_7/Embedded_Systems/aula_5/timer/.pio/build/frdm_kl25z/zephyr/drivers/serial/libdrivers__serial.a(uart_mcux_lpsci.c.o)
 .text.mcux_lpsci_fifo_fill
                0x0000000000003942       0x2a /home/artur-mateo/College/Sem_7/Embedded_Systems/aula_5/timer/.pio/build/frdm_kl25z/zephyr/drivers/serial/libdrivers__serial.a(uart_mcux_lpsci.c.o)
 .text.mcux_lpsci_poll_out
                0x000000000000396c       0x18 /home/artur-mateo/College/Sem_7/Embedded_Systems/aula_5/timer/.pio/build/frdm_kl25z/zephyr/drivers/serial/libdrivers__serial.a(uart_mcux_lpsci.c.o)
 .text.mcux_lpsci_poll_in
                0x0000000000003984       0x20 /home/artur-mateo/College/Sem_7/Embedded_Systems/aula_5/timer/.pio/build/frdm_kl25z/zephyr/drivers/serial/libdrivers__serial.a(uart_mcux_lpsci.c.o)
 .text.mcux_lpsci_err_check
                0x00000000000039a4       0x2c /home/artur-mateo/College/Sem_7/Embedded_Systems/aula_5/timer/.pio/build/frdm_kl25z/zephyr/drivers/serial/libdrivers__serial.a(uart_mcux_lpsci.c.o)
 .text.mcux_lpsci_config_func_0
                0x00000000000039d0       0x14 /home/artur-mateo/College/Sem_7/Embedded_Systems/aula_5/timer/.pio/build/frdm_kl25z/zephyr/drivers/serial/libdrivers__serial.a(uart_mcux_lpsci.c.o)
 .text.mcux_lpsci_irq_is_pending
                0x00000000000039e4       0x2c /home/artur-mateo/College/Sem_7/Embedded_Systems/aula_5/timer/.pio/build/frdm_kl25z/zephyr/drivers/serial/libdrivers__serial.a(uart_mcux_lpsci.c.o)
 .text.mcux_lpsci_init
                0x0000000000003a10       0x76 /home/artur-mateo/College/Sem_7/Embedded_Systems/aula_5/timer/.pio/build/frdm_kl25z/zephyr/drivers/serial/libdrivers__serial.a(uart_mcux_lpsci.c.o)
 .text.LPSCI_GetDefaultConfig
                0x0000000000003a86       0x1c /home/artur-mateo/College/Sem_7/Embedded_Systems/aula_5/timer/.pio/build/frdm_kl25z/modules/hal_nxp/libmodules__hal_nxp.a(fsl_lpsci.c.o)
                0x0000000000003a86                LPSCI_GetDefaultConfig
 .text.LPSCI_GetStatusFlags
                0x0000000000003aa2        0xa /home/artur-mateo/College/Sem_7/Embedded_Systems/aula_5/timer/.pio/build/frdm_kl25z/modules/hal_nxp/libmodules__hal_nxp.a(fsl_lpsci.c.o)
                0x0000000000003aa2                LPSCI_GetStatusFlags
 .text._OffsetAbsSyms
                0x0000000000003aac        0x2 /home/artur-mateo/College/Sem_7/Embedded_Systems/aula_5/timer/.pio/build/frdm_kl25z/zephyr/liboffsets.a(offsets.c.o)
                0x0000000000003aac                _OffsetAbsSyms
 .text.z_device_state_init
                0x0000000000003aae        0x2 /home/artur-mateo/College/Sem_7/Embedded_Systems/aula_5/timer/.pio/build/frdm_kl25z/zephyr/kernel/libkernel.a(device.c.o)
                0x0000000000003aae                z_device_state_init
 .text.z_impl_device_is_ready
                0x0000000000003ab0       0x1a /home/artur-mateo/College/Sem_7/Embedded_Systems/aula_5/timer/.pio/build/frdm_kl25z/zephyr/kernel/libkernel.a(device.c.o)
                0x0000000000003ab0                z_impl_device_is_ready
 .text.arch_system_halt
                0x0000000000003aca        0x8 /home/artur-mateo/College/Sem_7/Embedded_Systems/aula_5/timer/.pio/build/frdm_kl25z/zephyr/kernel/libkernel.a(fatal.c.o)
                0x0000000000003aca                arch_system_halt
 .text.k_sys_fatal_error_handler
                0x0000000000003ad2        0x6 /home/artur-mateo/College/Sem_7/Embedded_Systems/aula_5/timer/.pio/build/frdm_kl25z/zephyr/kernel/libkernel.a(fatal.c.o)
                0x0000000000003ad2                k_sys_fatal_error_handler
 .text.do_device_init
                0x0000000000003ad8       0x30 /home/artur-mateo/College/Sem_7/Embedded_Systems/aula_5/timer/.pio/build/frdm_kl25z/zephyr/kernel/libkernel.a(init.c.o)
 .text.z_early_memset
                0x0000000000003b08        0x8 /home/artur-mateo/College/Sem_7/Embedded_Systems/aula_5/timer/.pio/build/frdm_kl25z/zephyr/kernel/libkernel.a(init.c.o)
                0x0000000000003b08                z_early_memset
 .text.z_early_memcpy
                0x0000000000003b10        0x8 /home/artur-mateo/College/Sem_7/Embedded_Systems/aula_5/timer/.pio/build/frdm_kl25z/zephyr/kernel/libkernel.a(init.c.o)
                0x0000000000003b10                z_early_memcpy
 .text.idle     0x0000000000003b18        0xe /home/artur-mateo/College/Sem_7/Embedded_Systems/aula_5/timer/.pio/build/frdm_kl25z/zephyr/kernel/libkernel.a(idle.c.o)
                0x0000000000003b18                idle
 .text.sys_dlist_remove
                0x0000000000003b26       0x10 /home/artur-mateo/College/Sem_7/Embedded_Systems/aula_5/timer/.pio/build/frdm_kl25z/zephyr/kernel/libkernel.a(sched.c.o)
 .text.unpend_thread_no_timeout
                0x0000000000003b36       0x16 /home/artur-mateo/College/Sem_7/Embedded_Systems/aula_5/timer/.pio/build/frdm_kl25z/zephyr/kernel/libkernel.a(sched.c.o)
 .text.z_ready_thread
                0x0000000000003b4c       0x18 /home/artur-mateo/College/Sem_7/Embedded_Systems/aula_5/timer/.pio/build/frdm_kl25z/zephyr/kernel/libkernel.a(sched.c.o)
                0x0000000000003b4c                z_ready_thread
 .text.z_sched_wake_thread
                0x0000000000003b64       0x36 /home/artur-mateo/College/Sem_7/Embedded_Systems/aula_5/timer/.pio/build/frdm_kl25z/zephyr/kernel/libkernel.a(sched.c.o)
                0x0000000000003b64                z_sched_wake_thread
 .text.z_thread_timeout
                0x0000000000003b9a        0xc /home/artur-mateo/College/Sem_7/Embedded_Systems/aula_5/timer/.pio/build/frdm_kl25z/zephyr/kernel/libkernel.a(sched.c.o)
                0x0000000000003b9a                z_thread_timeout
 .text.z_abort_timeout
                0x0000000000003ba6       0x4e /home/artur-mateo/College/Sem_7/Embedded_Systems/aula_5/timer/.pio/build/frdm_kl25z/zephyr/kernel/libkernel.a(timeout.c.o)
                0x0000000000003ba6                z_abort_timeout
 .text.k_heap_init
                0x0000000000003bf4       0x10 /home/artur-mateo/College/Sem_7/Embedded_Systems/aula_5/timer/.pio/build/frdm_kl25z/zephyr/kernel/libkernel.a(kheap.c.o)
                0x0000000000003bf4                k_heap_init
 .text.memcpy   0x0000000000003c04       0x12 /home/artur-mateo/College/Sem_7/Embedded_Systems/aula_5/timer/.pio/build/frdm_kl25z/modules/picolibc/libc.a(memcpy.c.o)
                0x0000000000003c04                memcpy
                0x0000000000003c04                __aeabi_memcpy
                0x0000000000003c04                __aeabi_memcpy4
                0x0000000000003c04                __aeabi_memcpy8
 .text.memset   0x0000000000003c16       0x10 /home/artur-mateo/College/Sem_7/Embedded_Systems/aula_5/timer/.pio/build/frdm_kl25z/modules/picolibc/libc.a(memset.c.o)
                0x0000000000003c16                memset
 .text.strnlen  0x0000000000003c26       0x16 /home/artur-mateo/College/Sem_7/Embedded_Systems/aula_5/timer/.pio/build/frdm_kl25z/modules/picolibc/libc.a(strnlen.c.o)
                0x0000000000003c26                strnlen
 .text.__ultoa_invert
                0x0000000000003c3c       0x4e /home/artur-mateo/College/Sem_7/Embedded_Systems/aula_5/timer/.pio/build/frdm_kl25z/modules/picolibc/libc.a(vfprintf.c.o)
 .text.skip_to_arg
                0x0000000000003c8a      0x12e /home/artur-mateo/College/Sem_7/Embedded_Systems/aula_5/timer/.pio/build/frdm_kl25z/modules/picolibc/libc.a(vfprintf.c.o)
 .text.mulShiftAll64
                0x0000000000003db8      0x1ec /home/artur-mateo/College/Sem_7/Embedded_Systems/aula_5/timer/.pio/build/frdm_kl25z/modules/picolibc/libc.a(dtoa_ryu.c.o)
 .text.__umul128
                0x0000000000003fa4       0x74 /home/artur-mateo/College/Sem_7/Embedded_Systems/aula_5/timer/.pio/build/frdm_kl25z/modules/picolibc/libc.a(ryu_umul128.c.o)
                0x0000000000003fa4                __umul128
 .text.__shiftright128
                0x0000000000004018       0x28 /home/artur-mateo/College/Sem_7/Embedded_Systems/aula_5/timer/.pio/build/frdm_kl25z/modules/picolibc/libc.a(ryu_umul128.c.o)
                0x0000000000004018                __shiftright128
 *(SORT_BY_ALIGNMENT(.TEXT.*))
 *(SORT_BY_ALIGNMENT(.gnu.linkonce.t.*))
 *(SORT_BY_ALIGNMENT(.glue_7t))
 .glue_7t       0x0000000000004040        0x0 linker stubs
 *(SORT_BY_ALIGNMENT(.glue_7))
 .glue_7        0x0000000000004040        0x0 linker stubs
 *(SORT_BY_ALIGNMENT(.vfp11_veneer))
 .vfp11_veneer  0x0000000000004040        0x0 linker stubs
 *(SORT_BY_ALIGNMENT(.v4_bx))
 .v4_bx         0x0000000000004040        0x0 linker stubs
                0x0000000000004040                . = ALIGN (0x4)
                0x0000000000004040                __text_region_end = .

.ARM.exidx      0x0000000000004040        0x8
                0x0000000000004040                __exidx_start = .
 *(SORT_BY_ALIGNMENT(.ARM.exidx*) SORT_BY_ALIGNMENT(gnu.linkonce.armexidx.*))
 .ARM.exidx     0x0000000000004040        0x8 /home/artur-mateo/.platformio/packages/toolchain-gccarmnoneeabi/bin/../lib/gcc/arm-none-eabi/8.2.1/thumb/v6-m/nofp/libgcc.a(_udivmoddi4.o)
                0x0000000000004048                __exidx_end = .
                0x0000000000004048                __rodata_region_start = .

initlevel       0x0000000000004048       0x78
                0x0000000000004048                __init_start = .
                0x0000000000004048                __init_EARLY_start = .
 *(SORT_BY_NAME(SORT_BY_ALIGNMENT(.z_init_EARLY_P_?_*)))
 *(SORT_BY_NAME(SORT_BY_ALIGNMENT(.z_init_EARLY_P_??_*)))
 *(SORT_BY_NAME(SORT_BY_ALIGNMENT(.z_init_EARLY_P_???_*)))
                0x0000000000004048                __init_PRE_KERNEL_1_start = .
 *(SORT_BY_NAME(SORT_BY_ALIGNMENT(.z_init_PRE_KERNEL_1_P_?_*)))
 *(SORT_BY_NAME(SORT_BY_ALIGNMENT(.z_init_PRE_KERNEL_1_P_??_*)))
 .z_init_PRE_KERNEL_1_P_30_SUB_00009_
                0x0000000000004048        0x8 /home/artur-mateo/College/Sem_7/Embedded_Systems/aula_5/timer/.pio/build/frdm_kl25z/zephyr/drivers/clock_control/libdrivers__clock_control.a(clock_control_mcux_sim.c.o)
 .z_init_PRE_KERNEL_1_P_30_SUB_00043_
                0x0000000000004050        0x8 /home/artur-mateo/College/Sem_7/Embedded_Systems/aula_5/timer/.pio/build/frdm_kl25z/zephyr/drivers/clock_control/libdrivers__clock_control.a(clock_control_mcux_mcg.c.o)
 .z_init_PRE_KERNEL_1_P_30_SUB_0_
                0x0000000000004058        0x8 /home/artur-mateo/College/Sem_7/Embedded_Systems/aula_5/timer/.pio/build/frdm_kl25z/zephyr/kernel/libkernel.a(kheap.c.o)
 .z_init_PRE_KERNEL_1_P_40_SUB_00010_
                0x0000000000004060        0x8 /home/artur-mateo/College/Sem_7/Embedded_Systems/aula_5/timer/.pio/build/frdm_kl25z/zephyr/drivers/pinctrl/libdrivers__pinctrl.a(pinctrl_nxp_port.c.o)
 .z_init_PRE_KERNEL_1_P_40_SUB_00015_
                0x0000000000004068        0x8 /home/artur-mateo/College/Sem_7/Embedded_Systems/aula_5/timer/.pio/build/frdm_kl25z/zephyr/drivers/pinctrl/libdrivers__pinctrl.a(pinctrl_nxp_port.c.o)
 .z_init_PRE_KERNEL_1_P_40_SUB_00017_
                0x0000000000004070        0x8 /home/artur-mateo/College/Sem_7/Embedded_Systems/aula_5/timer/.pio/build/frdm_kl25z/zephyr/drivers/pinctrl/libdrivers__pinctrl.a(pinctrl_nxp_port.c.o)
 .z_init_PRE_KERNEL_1_P_40_SUB_00031_
                0x0000000000004078        0x8 /home/artur-mateo/College/Sem_7/Embedded_Systems/aula_5/timer/.pio/build/frdm_kl25z/zephyr/drivers/pinctrl/libdrivers__pinctrl.a(pinctrl_nxp_port.c.o)
 .z_init_PRE_KERNEL_1_P_40_SUB_00033_
                0x0000000000004080        0x8 /home/artur-mateo/College/Sem_7/Embedded_Systems/aula_5/timer/.pio/build/frdm_kl25z/zephyr/drivers/pinctrl/libdrivers__pinctrl.a(pinctrl_nxp_port.c.o)
 .z_init_PRE_KERNEL_1_P_50_SUB_00037_
                0x0000000000004088        0x8 /home/artur-mateo/College/Sem_7/Embedded_Systems/aula_5/timer/.pio/build/frdm_kl25z/zephyr/drivers/serial/libdrivers__serial.a(uart_mcux_lpsci.c.o)
 .z_init_PRE_KERNEL_1_P_60_SUB_0_
                0x0000000000004090        0x8 /home/artur-mateo/College/Sem_7/Embedded_Systems/aula_5/timer/.pio/build/frdm_kl25z/zephyr/drivers/console/libdrivers__console.a(uart_console.c.o)
 *(SORT_BY_NAME(SORT_BY_ALIGNMENT(.z_init_PRE_KERNEL_1_P_???_*)))
                0x0000000000004098                __init_PRE_KERNEL_2_start = .
 *(SORT_BY_NAME(SORT_BY_ALIGNMENT(.z_init_PRE_KERNEL_2_P_?_*)))
 .z_init_PRE_KERNEL_2_P_0_SUB_0_
                0x0000000000004098        0x8 /home/artur-mateo/College/Sem_7/Embedded_Systems/aula_5/timer/.pio/build/frdm_kl25z/zephyr/drivers/timer/libdrivers__timer.a(cortex_m_systick.c.o)
 *(SORT_BY_NAME(SORT_BY_ALIGNMENT(.z_init_PRE_KERNEL_2_P_??_*)))
 *(SORT_BY_NAME(SORT_BY_ALIGNMENT(.z_init_PRE_KERNEL_2_P_???_*)))
                0x00000000000040a0                __init_POST_KERNEL_start = .
 *(SORT_BY_NAME(SORT_BY_ALIGNMENT(.z_init_POST_KERNEL_P_?_*)))
 *(SORT_BY_NAME(SORT_BY_ALIGNMENT(.z_init_POST_KERNEL_P_??_*)))
 .z_init_POST_KERNEL_P_35_SUB_0_
                0x00000000000040a0        0x8 /home/artur-mateo/College/Sem_7/Embedded_Systems/aula_5/timer/.pio/build/frdm_kl25z/zephyr/lib/libc/common/liblib__libc__common.a(malloc.c.o)
 .z_init_POST_KERNEL_P_40_SUB_00011_
                0x00000000000040a8        0x8 /home/artur-mateo/College/Sem_7/Embedded_Systems/aula_5/timer/.pio/build/frdm_kl25z/zephyr/drivers/gpio/libdrivers__gpio.a(gpio_mcux.c.o)
 .z_init_POST_KERNEL_P_40_SUB_00016_
                0x00000000000040b0        0x8 /home/artur-mateo/College/Sem_7/Embedded_Systems/aula_5/timer/.pio/build/frdm_kl25z/zephyr/drivers/gpio/libdrivers__gpio.a(gpio_mcux.c.o)
 .z_init_POST_KERNEL_P_40_SUB_00018_
                0x00000000000040b8        0x8 /home/artur-mateo/College/Sem_7/Embedded_Systems/aula_5/timer/.pio/build/frdm_kl25z/zephyr/drivers/gpio/libdrivers__gpio.a(gpio_mcux.c.o)
 *(SORT_BY_NAME(SORT_BY_ALIGNMENT(.z_init_POST_KERNEL_P_???_*)))
                0x00000000000040c0                __init_APPLICATION_start = .
 *(SORT_BY_NAME(SORT_BY_ALIGNMENT(.z_init_APPLICATION_P_?_*)))
 *(SORT_BY_NAME(SORT_BY_ALIGNMENT(.z_init_APPLICATION_P_??_*)))
 *(SORT_BY_NAME(SORT_BY_ALIGNMENT(.z_init_APPLICATION_P_???_*)))
                0x00000000000040c0                __init_SMP_start = .
 *(SORT_BY_NAME(SORT_BY_ALIGNMENT(.z_init_SMP_P_?_*)))
 *(SORT_BY_NAME(SORT_BY_ALIGNMENT(.z_init_SMP_P_??_*)))
 *(SORT_BY_NAME(SORT_BY_ALIGNMENT(.z_init_SMP_P_???_*)))
                0x00000000000040c0                __init_end = .

device_area     0x00000000000040c0      0x160
                0x00000000000040c0                _device_list_start = .
 *(SORT_BY_NAME(SORT_BY_ALIGNMENT(._device.static.*_?_*)))
 *(SORT_BY_NAME(SORT_BY_ALIGNMENT(._device.static.*_??_*)))
 ._device.static.1_30_
                0x00000000000040c0       0x20 /home/artur-mateo/College/Sem_7/Embedded_Systems/aula_5/timer/.pio/build/frdm_kl25z/zephyr/drivers/clock_control/libdrivers__clock_control.a(clock_control_mcux_mcg.c.o)
                0x00000000000040c0                __device_dts_ord_43
 ._device.static.1_30_
                0x00000000000040e0       0x20 /home/artur-mateo/College/Sem_7/Embedded_Systems/aula_5/timer/.pio/build/frdm_kl25z/zephyr/drivers/clock_control/libdrivers__clock_control.a(clock_control_mcux_sim.c.o)
                0x00000000000040e0                __device_dts_ord_9
 ._device.static.1_40_
                0x0000000000004100       0xa0 /home/artur-mateo/College/Sem_7/Embedded_Systems/aula_5/timer/.pio/build/frdm_kl25z/zephyr/drivers/pinctrl/libdrivers__pinctrl.a(pinctrl_nxp_port.c.o)
                0x0000000000004100                __device_dts_ord_33
                0x0000000000004120                __device_dts_ord_17
                0x0000000000004140                __device_dts_ord_31
                0x0000000000004160                __device_dts_ord_15
                0x0000000000004180                __device_dts_ord_10
 ._device.static.1_50_
                0x00000000000041a0       0x20 /home/artur-mateo/College/Sem_7/Embedded_Systems/aula_5/timer/.pio/build/frdm_kl25z/zephyr/drivers/serial/libdrivers__serial.a(uart_mcux_lpsci.c.o)
                0x00000000000041a0                __device_dts_ord_37
 ._device.static.3_40_
                0x00000000000041c0       0x60 /home/artur-mateo/College/Sem_7/Embedded_Systems/aula_5/timer/.pio/build/frdm_kl25z/zephyr/drivers/gpio/libdrivers__gpio.a(gpio_mcux.c.o)
                0x00000000000041c0                __device_dts_ord_18
                0x00000000000041e0                __device_dts_ord_16
                0x0000000000004200                __device_dts_ord_11
 *(SORT_BY_NAME(SORT_BY_ALIGNMENT(._device.static.*_???_*)))
 *(SORT_BY_NAME(SORT_BY_ALIGNMENT(._device.static.*_????_*)))
 *(SORT_BY_NAME(SORT_BY_ALIGNMENT(._device.static.*_?????_*)))
                0x0000000000004220                _device_list_end = .

sw_isr_table    0x0000000000004220      0x100
                0x0000000000004220                . = ALIGN (0x4)
 *(SORT_BY_ALIGNMENT(.gnu.linkonce.sw_isr_table*))
 .gnu.linkonce.sw_isr_table
                0x0000000000004220      0x100 .pio/build/frdm_kl25z/zephyr_final/zephyr/isr_tables.c.o
                0x0000000000004220                _sw_isr_table

initlevel_error
                0x0000000000004048        0x0
 *(SORT_BY_NAME(SORT_BY_ALIGNMENT(.z_init_*)))
                0x0000000000000001                ASSERT ((SIZEOF (initlevel_error) == 0x0), Undefined initialization levels used.)

app_shmem_regions
                0x0000000000004320        0x0
                0x0000000000004320                __app_shmem_regions_start = .
 *(SORT_BY_NAME(SORT_BY_ALIGNMENT(.app_regions.*)))
                0x0000000000004320                __app_shmem_regions_end = .

k_p4wq_initparam_area
                0x0000000000004320        0x0
                0x0000000000004320                _k_p4wq_initparam_list_start = .
 *(SORT_BY_NAME(SORT_BY_ALIGNMENT(._k_p4wq_initparam.static.*)))
                0x0000000000004320                _k_p4wq_initparam_list_end = .

_static_thread_data_area
                0x0000000000004320        0x0
                0x0000000000004320                __static_thread_data_list_start = .
 *(SORT_BY_NAME(SORT_BY_ALIGNMENT(.__static_thread_data.static.*)))
                0x0000000000004320                __static_thread_data_list_end = .

device_deps     0x0000000000004320        0x0
                0x0000000000004320                __device_deps_start = .
 *(SORT_BY_NAME(SORT_BY_ALIGNMENT(.__device_deps_pass2*)))
                0x0000000000004320                __device_deps_end = .

gpio_driver_api_area
                0x0000000000004320       0x24
                0x0000000000004320                _gpio_driver_api_list_start = .
 *(SORT_BY_NAME(SORT_BY_ALIGNMENT(._gpio_driver_api.static.*)))
 ._gpio_driver_api.static.gpio_mcux_driver_api_
                0x0000000000004320       0x24 /home/artur-mateo/College/Sem_7/Embedded_Systems/aula_5/timer/.pio/build/frdm_kl25z/zephyr/drivers/gpio/libdrivers__gpio.a(gpio_mcux.c.o)
                0x0000000000004344                _gpio_driver_api_list_end = .

shared_irq_driver_api_area
                0x0000000000004344        0x0
                0x0000000000004344                _shared_irq_driver_api_list_start = .
 *(SORT_BY_NAME(SORT_BY_ALIGNMENT(._shared_irq_driver_api.static.*)))
                0x0000000000004344                _shared_irq_driver_api_list_end = .

crypto_driver_api_area
                0x0000000000004344        0x0
                0x0000000000004344                _crypto_driver_api_list_start = .
 *(SORT_BY_NAME(SORT_BY_ALIGNMENT(._crypto_driver_api.static.*)))
                0x0000000000004344                _crypto_driver_api_list_end = .

adc_driver_api_area
                0x0000000000004344        0x0
                0x0000000000004344                _adc_driver_api_list_start = .
 *(SORT_BY_NAME(SORT_BY_ALIGNMENT(._adc_driver_api.static.*)))
                0x0000000000004344                _adc_driver_api_list_end = .

auxdisplay_driver_api_area
                0x0000000000004344        0x0
                0x0000000000004344                _auxdisplay_driver_api_list_start = .
 *(SORT_BY_NAME(SORT_BY_ALIGNMENT(._auxdisplay_driver_api.static.*)))
                0x0000000000004344                _auxdisplay_driver_api_list_end = .

bbram_driver_api_area
                0x0000000000004344        0x0
                0x0000000000004344                _bbram_driver_api_list_start = .
 *(SORT_BY_NAME(SORT_BY_ALIGNMENT(._bbram_driver_api.static.*)))
                0x0000000000004344                _bbram_driver_api_list_end = .

bt_hci_driver_api_area
                0x0000000000004344        0x0
                0x0000000000004344                _bt_hci_driver_api_list_start = .
 *(SORT_BY_NAME(SORT_BY_ALIGNMENT(._bt_hci_driver_api.static.*)))
                0x0000000000004344                _bt_hci_driver_api_list_end = .

can_driver_api_area
                0x0000000000004344        0x0
                0x0000000000004344                _can_driver_api_list_start = .
 *(SORT_BY_NAME(SORT_BY_ALIGNMENT(._can_driver_api.static.*)))
                0x0000000000004344                _can_driver_api_list_end = .

cellular_driver_api_area
                0x0000000000004344        0x0
                0x0000000000004344                _cellular_driver_api_list_start = .
 *(SORT_BY_NAME(SORT_BY_ALIGNMENT(._cellular_driver_api.static.*)))
                0x0000000000004344                _cellular_driver_api_list_end = .

charger_driver_api_area
                0x0000000000004344        0x0
                0x0000000000004344                _charger_driver_api_list_start = .
 *(SORT_BY_NAME(SORT_BY_ALIGNMENT(._charger_driver_api.static.*)))
                0x0000000000004344                _charger_driver_api_list_end = .

clock_control_driver_api_area
                0x0000000000004344       0x38
                0x0000000000004344                _clock_control_driver_api_list_start = .
 *(SORT_BY_NAME(SORT_BY_ALIGNMENT(._clock_control_driver_api.static.*)))
 ._clock_control_driver_api.static.mcux_mcg_driver_api_
                0x0000000000004344       0x1c /home/artur-mateo/College/Sem_7/Embedded_Systems/aula_5/timer/.pio/build/frdm_kl25z/zephyr/drivers/clock_control/libdrivers__clock_control.a(clock_control_mcux_mcg.c.o)
 ._clock_control_driver_api.static.mcux_sim_driver_api_
                0x0000000000004360       0x1c /home/artur-mateo/College/Sem_7/Embedded_Systems/aula_5/timer/.pio/build/frdm_kl25z/zephyr/drivers/clock_control/libdrivers__clock_control.a(clock_control_mcux_sim.c.o)
                0x000000000000437c                _clock_control_driver_api_list_end = .

comparator_driver_api_area
                0x000000000000437c        0x0
                0x000000000000437c                _comparator_driver_api_list_start = .
 *(SORT_BY_NAME(SORT_BY_ALIGNMENT(._comparator_driver_api.static.*)))
                0x000000000000437c                _comparator_driver_api_list_end = .

coredump_driver_api_area
                0x000000000000437c        0x0
                0x000000000000437c                _coredump_driver_api_list_start = .
 *(SORT_BY_NAME(SORT_BY_ALIGNMENT(._coredump_driver_api.static.*)))
                0x000000000000437c                _coredump_driver_api_list_end = .

counter_driver_api_area
                0x000000000000437c        0x0
                0x000000000000437c                _counter_driver_api_list_start = .
 *(SORT_BY_NAME(SORT_BY_ALIGNMENT(._counter_driver_api.static.*)))
                0x000000000000437c                _counter_driver_api_list_end = .

dac_driver_api_area
                0x000000000000437c        0x0
                0x000000000000437c                _dac_driver_api_list_start = .
 *(SORT_BY_NAME(SORT_BY_ALIGNMENT(._dac_driver_api.static.*)))
                0x000000000000437c                _dac_driver_api_list_end = .

dai_driver_api_area
                0x000000000000437c        0x0
                0x000000000000437c                _dai_driver_api_list_start = .
 *(SORT_BY_NAME(SORT_BY_ALIGNMENT(._dai_driver_api.static.*)))
                0x000000000000437c                _dai_driver_api_list_end = .

display_driver_api_area
                0x000000000000437c        0x0
                0x000000000000437c                _display_driver_api_list_start = .
 *(SORT_BY_NAME(SORT_BY_ALIGNMENT(._display_driver_api.static.*)))
                0x000000000000437c                _display_driver_api_list_end = .

dma_driver_api_area
                0x000000000000437c        0x0
                0x000000000000437c                _dma_driver_api_list_start = .
 *(SORT_BY_NAME(SORT_BY_ALIGNMENT(._dma_driver_api.static.*)))
                0x000000000000437c                _dma_driver_api_list_end = .

edac_driver_api_area
                0x000000000000437c        0x0
                0x000000000000437c                _edac_driver_api_list_start = .
 *(SORT_BY_NAME(SORT_BY_ALIGNMENT(._edac_driver_api.static.*)))
                0x000000000000437c                _edac_driver_api_list_end = .

eeprom_driver_api_area
                0x000000000000437c        0x0
                0x000000000000437c                _eeprom_driver_api_list_start = .
 *(SORT_BY_NAME(SORT_BY_ALIGNMENT(._eeprom_driver_api.static.*)))
                0x000000000000437c                _eeprom_driver_api_list_end = .

emul_bbram_driver_api_area
                0x000000000000437c        0x0
                0x000000000000437c                _emul_bbram_driver_api_list_start = .
 *(SORT_BY_NAME(SORT_BY_ALIGNMENT(._emul_bbram_driver_api.static.*)))
                0x000000000000437c                _emul_bbram_driver_api_list_end = .

fuel_gauge_emul_driver_api_area
                0x000000000000437c        0x0
                0x000000000000437c                _fuel_gauge_emul_driver_api_list_start = .
 *(SORT_BY_NAME(SORT_BY_ALIGNMENT(._fuel_gauge_emul_driver_api.static.*)))
                0x000000000000437c                _fuel_gauge_emul_driver_api_list_end = .

emul_sensor_driver_api_area
                0x000000000000437c        0x0
                0x000000000000437c                _emul_sensor_driver_api_list_start = .
 *(SORT_BY_NAME(SORT_BY_ALIGNMENT(._emul_sensor_driver_api.static.*)))
                0x000000000000437c                _emul_sensor_driver_api_list_end = .

entropy_driver_api_area
                0x000000000000437c        0x0
                0x000000000000437c                _entropy_driver_api_list_start = .
 *(SORT_BY_NAME(SORT_BY_ALIGNMENT(._entropy_driver_api.static.*)))
                0x000000000000437c                _entropy_driver_api_list_end = .

espi_driver_api_area
                0x000000000000437c        0x0
                0x000000000000437c                _espi_driver_api_list_start = .
 *(SORT_BY_NAME(SORT_BY_ALIGNMENT(._espi_driver_api.static.*)))
                0x000000000000437c                _espi_driver_api_list_end = .

espi_saf_driver_api_area
                0x000000000000437c        0x0
                0x000000000000437c                _espi_saf_driver_api_list_start = .
 *(SORT_BY_NAME(SORT_BY_ALIGNMENT(._espi_saf_driver_api.static.*)))
                0x000000000000437c                _espi_saf_driver_api_list_end = .

flash_driver_api_area
                0x000000000000437c        0x0
                0x000000000000437c                _flash_driver_api_list_start = .
 *(SORT_BY_NAME(SORT_BY_ALIGNMENT(._flash_driver_api.static.*)))
                0x000000000000437c                _flash_driver_api_list_end = .

fpga_driver_api_area
                0x000000000000437c        0x0
                0x000000000000437c                _fpga_driver_api_list_start = .
 *(SORT_BY_NAME(SORT_BY_ALIGNMENT(._fpga_driver_api.static.*)))
                0x000000000000437c                _fpga_driver_api_list_end = .

fuel_gauge_driver_api_area
                0x000000000000437c        0x0
                0x000000000000437c                _fuel_gauge_driver_api_list_start = .
 *(SORT_BY_NAME(SORT_BY_ALIGNMENT(._fuel_gauge_driver_api.static.*)))
                0x000000000000437c                _fuel_gauge_driver_api_list_end = .

gnss_driver_api_area
                0x000000000000437c        0x0
                0x000000000000437c                _gnss_driver_api_list_start = .
 *(SORT_BY_NAME(SORT_BY_ALIGNMENT(._gnss_driver_api.static.*)))
                0x000000000000437c                _gnss_driver_api_list_end = .

haptics_driver_api_area
                0x000000000000437c        0x0
                0x000000000000437c                _haptics_driver_api_list_start = .
 *(SORT_BY_NAME(SORT_BY_ALIGNMENT(._haptics_driver_api.static.*)))
                0x000000000000437c                _haptics_driver_api_list_end = .

hwspinlock_driver_api_area
                0x000000000000437c        0x0
                0x000000000000437c                _hwspinlock_driver_api_list_start = .
 *(SORT_BY_NAME(SORT_BY_ALIGNMENT(._hwspinlock_driver_api.static.*)))
                0x000000000000437c                _hwspinlock_driver_api_list_end = .

i2c_driver_api_area
                0x000000000000437c        0x0
                0x000000000000437c                _i2c_driver_api_list_start = .
 *(SORT_BY_NAME(SORT_BY_ALIGNMENT(._i2c_driver_api.static.*)))
                0x000000000000437c                _i2c_driver_api_list_end = .

i2c_target_driver_api_area
                0x000000000000437c        0x0
                0x000000000000437c                _i2c_target_driver_api_list_start = .
 *(SORT_BY_NAME(SORT_BY_ALIGNMENT(._i2c_target_driver_api.static.*)))
                0x000000000000437c                _i2c_target_driver_api_list_end = .

i2s_driver_api_area
                0x000000000000437c        0x0
                0x000000000000437c                _i2s_driver_api_list_start = .
 *(SORT_BY_NAME(SORT_BY_ALIGNMENT(._i2s_driver_api.static.*)))
                0x000000000000437c                _i2s_driver_api_list_end = .

i3c_driver_api_area
                0x000000000000437c        0x0
                0x000000000000437c                _i3c_driver_api_list_start = .
 *(SORT_BY_NAME(SORT_BY_ALIGNMENT(._i3c_driver_api.static.*)))
                0x000000000000437c                _i3c_driver_api_list_end = .

ipm_driver_api_area
                0x000000000000437c        0x0
                0x000000000000437c                _ipm_driver_api_list_start = .
 *(SORT_BY_NAME(SORT_BY_ALIGNMENT(._ipm_driver_api.static.*)))
                0x000000000000437c                _ipm_driver_api_list_end = .

led_driver_api_area
                0x000000000000437c        0x0
                0x000000000000437c                _led_driver_api_list_start = .
 *(SORT_BY_NAME(SORT_BY_ALIGNMENT(._led_driver_api.static.*)))
                0x000000000000437c                _led_driver_api_list_end = .

led_strip_driver_api_area
                0x000000000000437c        0x0
                0x000000000000437c                _led_strip_driver_api_list_start = .
 *(SORT_BY_NAME(SORT_BY_ALIGNMENT(._led_strip_driver_api.static.*)))
                0x000000000000437c                _led_strip_driver_api_list_end = .

lora_driver_api_area
                0x000000000000437c        0x0
                0x000000000000437c                _lora_driver_api_list_start = .
 *(SORT_BY_NAME(SORT_BY_ALIGNMENT(._lora_driver_api.static.*)))
                0x000000000000437c                _lora_driver_api_list_end = .

mbox_driver_api_area
                0x000000000000437c        0x0
                0x000000000000437c                _mbox_driver_api_list_start = .
 *(SORT_BY_NAME(SORT_BY_ALIGNMENT(._mbox_driver_api.static.*)))
                0x000000000000437c                _mbox_driver_api_list_end = .

mdio_driver_api_area
                0x000000000000437c        0x0
                0x000000000000437c                _mdio_driver_api_list_start = .
 *(SORT_BY_NAME(SORT_BY_ALIGNMENT(._mdio_driver_api.static.*)))
                0x000000000000437c                _mdio_driver_api_list_end = .

mipi_dbi_driver_api_area
                0x000000000000437c        0x0
                0x000000000000437c                _mipi_dbi_driver_api_list_start = .
 *(SORT_BY_NAME(SORT_BY_ALIGNMENT(._mipi_dbi_driver_api.static.*)))
                0x000000000000437c                _mipi_dbi_driver_api_list_end = .

mipi_dsi_driver_api_area
                0x000000000000437c        0x0
                0x000000000000437c                _mipi_dsi_driver_api_list_start = .
 *(SORT_BY_NAME(SORT_BY_ALIGNMENT(._mipi_dsi_driver_api.static.*)))
                0x000000000000437c                _mipi_dsi_driver_api_list_end = .

mspi_driver_api_area
                0x000000000000437c        0x0
                0x000000000000437c                _mspi_driver_api_list_start = .
 *(SORT_BY_NAME(SORT_BY_ALIGNMENT(._mspi_driver_api.static.*)))
                0x000000000000437c                _mspi_driver_api_list_end = .

peci_driver_api_area
                0x000000000000437c        0x0
                0x000000000000437c                _peci_driver_api_list_start = .
 *(SORT_BY_NAME(SORT_BY_ALIGNMENT(._peci_driver_api.static.*)))
                0x000000000000437c                _peci_driver_api_list_end = .

ps2_driver_api_area
                0x000000000000437c        0x0
                0x000000000000437c                _ps2_driver_api_list_start = .
 *(SORT_BY_NAME(SORT_BY_ALIGNMENT(._ps2_driver_api.static.*)))
                0x000000000000437c                _ps2_driver_api_list_end = .

ptp_clock_driver_api_area
                0x000000000000437c        0x0
                0x000000000000437c                _ptp_clock_driver_api_list_start = .
 *(SORT_BY_NAME(SORT_BY_ALIGNMENT(._ptp_clock_driver_api.static.*)))
                0x000000000000437c                _ptp_clock_driver_api_list_end = .

pwm_driver_api_area
                0x000000000000437c        0x0
                0x000000000000437c                _pwm_driver_api_list_start = .
 *(SORT_BY_NAME(SORT_BY_ALIGNMENT(._pwm_driver_api.static.*)))
                0x000000000000437c                _pwm_driver_api_list_end = .

regulator_parent_driver_api_area
                0x000000000000437c        0x0
                0x000000000000437c                _regulator_parent_driver_api_list_start = .
 *(SORT_BY_NAME(SORT_BY_ALIGNMENT(._regulator_parent_driver_api.static.*)))
                0x000000000000437c                _regulator_parent_driver_api_list_end = .

regulator_driver_api_area
                0x000000000000437c        0x0
                0x000000000000437c                _regulator_driver_api_list_start = .
 *(SORT_BY_NAME(SORT_BY_ALIGNMENT(._regulator_driver_api.static.*)))
                0x000000000000437c                _regulator_driver_api_list_end = .

reset_driver_api_area
                0x000000000000437c        0x0
                0x000000000000437c                _reset_driver_api_list_start = .
 *(SORT_BY_NAME(SORT_BY_ALIGNMENT(._reset_driver_api.static.*)))
                0x000000000000437c                _reset_driver_api_list_end = .

retained_mem_driver_api_area
                0x000000000000437c        0x0
                0x000000000000437c                _retained_mem_driver_api_list_start = .
 *(SORT_BY_NAME(SORT_BY_ALIGNMENT(._retained_mem_driver_api.static.*)))
                0x000000000000437c                _retained_mem_driver_api_list_end = .

rtc_driver_api_area
                0x000000000000437c        0x0
                0x000000000000437c                _rtc_driver_api_list_start = .
 *(SORT_BY_NAME(SORT_BY_ALIGNMENT(._rtc_driver_api.static.*)))
                0x000000000000437c                _rtc_driver_api_list_end = .

sdhc_driver_api_area
                0x000000000000437c        0x0
                0x000000000000437c                _sdhc_driver_api_list_start = .
 *(SORT_BY_NAME(SORT_BY_ALIGNMENT(._sdhc_driver_api.static.*)))
                0x000000000000437c                _sdhc_driver_api_list_end = .

sensor_driver_api_area
                0x000000000000437c        0x0
                0x000000000000437c                _sensor_driver_api_list_start = .
 *(SORT_BY_NAME(SORT_BY_ALIGNMENT(._sensor_driver_api.static.*)))
                0x000000000000437c                _sensor_driver_api_list_end = .

smbus_driver_api_area
                0x000000000000437c        0x0
                0x000000000000437c                _smbus_driver_api_list_start = .
 *(SORT_BY_NAME(SORT_BY_ALIGNMENT(._smbus_driver_api.static.*)))
                0x000000000000437c                _smbus_driver_api_list_end = .

spi_driver_api_area
                0x000000000000437c        0x0
                0x000000000000437c                _spi_driver_api_list_start = .
 *(SORT_BY_NAME(SORT_BY_ALIGNMENT(._spi_driver_api.static.*)))
                0x000000000000437c                _spi_driver_api_list_end = .

stepper_driver_api_area
                0x000000000000437c        0x0
                0x000000000000437c                _stepper_driver_api_list_start = .
 *(SORT_BY_NAME(SORT_BY_ALIGNMENT(._stepper_driver_api.static.*)))
                0x000000000000437c                _stepper_driver_api_list_end = .

syscon_driver_api_area
                0x000000000000437c        0x0
                0x000000000000437c                _syscon_driver_api_list_start = .
 *(SORT_BY_NAME(SORT_BY_ALIGNMENT(._syscon_driver_api.static.*)))
                0x000000000000437c                _syscon_driver_api_list_end = .

tee_driver_api_area
                0x000000000000437c        0x0
                0x000000000000437c                _tee_driver_api_list_start = .
 *(SORT_BY_NAME(SORT_BY_ALIGNMENT(._tee_driver_api.static.*)))
                0x000000000000437c                _tee_driver_api_list_end = .

video_driver_api_area
                0x000000000000437c        0x0
                0x000000000000437c                _video_driver_api_list_start = .
 *(SORT_BY_NAME(SORT_BY_ALIGNMENT(._video_driver_api.static.*)))
                0x000000000000437c                _video_driver_api_list_end = .

virtio_driver_api_area
                0x000000000000437c        0x0
                0x000000000000437c                _virtio_driver_api_list_start = .
 *(SORT_BY_NAME(SORT_BY_ALIGNMENT(._virtio_driver_api.static.*)))
                0x000000000000437c                _virtio_driver_api_list_end = .

w1_driver_api_area
                0x000000000000437c        0x0
                0x000000000000437c                _w1_driver_api_list_start = .
 *(SORT_BY_NAME(SORT_BY_ALIGNMENT(._w1_driver_api.static.*)))
                0x000000000000437c                _w1_driver_api_list_end = .

wdt_driver_api_area
                0x000000000000437c        0x0
                0x000000000000437c                _wdt_driver_api_list_start = .
 *(SORT_BY_NAME(SORT_BY_ALIGNMENT(._wdt_driver_api.static.*)))
                0x000000000000437c                _wdt_driver_api_list_end = .

can_transceiver_driver_api_area
                0x000000000000437c        0x0
                0x000000000000437c                _can_transceiver_driver_api_list_start = .
 *(SORT_BY_NAME(SORT_BY_ALIGNMENT(._can_transceiver_driver_api.static.*)))
                0x000000000000437c                _can_transceiver_driver_api_list_end = .

nrf_clock_control_driver_api_area
                0x000000000000437c        0x0
                0x000000000000437c                _nrf_clock_control_driver_api_list_start = .
 *(SORT_BY_NAME(SORT_BY_ALIGNMENT(._nrf_clock_control_driver_api.static.*)))
                0x000000000000437c                _nrf_clock_control_driver_api_list_end = .

i3c_target_driver_api_area
                0x000000000000437c        0x0
                0x000000000000437c                _i3c_target_driver_api_list_start = .
 *(SORT_BY_NAME(SORT_BY_ALIGNMENT(._i3c_target_driver_api.static.*)))
                0x000000000000437c                _i3c_target_driver_api_list_end = .

its_driver_api_area
                0x000000000000437c        0x0
                0x000000000000437c                _its_driver_api_list_start = .
 *(SORT_BY_NAME(SORT_BY_ALIGNMENT(._its_driver_api.static.*)))
                0x000000000000437c                _its_driver_api_list_end = .

vtd_driver_api_area
                0x000000000000437c        0x0
                0x000000000000437c                _vtd_driver_api_list_start = .
 *(SORT_BY_NAME(SORT_BY_ALIGNMENT(._vtd_driver_api.static.*)))
                0x000000000000437c                _vtd_driver_api_list_end = .

renesas_elc_driver_api_area
                0x000000000000437c        0x0
                0x000000000000437c                _renesas_elc_driver_api_list_start = .
 *(SORT_BY_NAME(SORT_BY_ALIGNMENT(._renesas_elc_driver_api.static.*)))
                0x000000000000437c                _renesas_elc_driver_api_list_end = .

tgpio_driver_api_area
                0x000000000000437c        0x0
                0x000000000000437c                _tgpio_driver_api_list_start = .
 *(SORT_BY_NAME(SORT_BY_ALIGNMENT(._tgpio_driver_api.static.*)))
                0x000000000000437c                _tgpio_driver_api_list_end = .

pcie_ctrl_driver_api_area
                0x000000000000437c        0x0
                0x000000000000437c                _pcie_ctrl_driver_api_list_start = .
 *(SORT_BY_NAME(SORT_BY_ALIGNMENT(._pcie_ctrl_driver_api.static.*)))
                0x000000000000437c                _pcie_ctrl_driver_api_list_end = .

pcie_ep_driver_api_area
                0x000000000000437c        0x0
                0x000000000000437c                _pcie_ep_driver_api_list_start = .
 *(SORT_BY_NAME(SORT_BY_ALIGNMENT(._pcie_ep_driver_api.static.*)))
                0x000000000000437c                _pcie_ep_driver_api_list_end = .

psi5_driver_api_area
                0x000000000000437c        0x0
                0x000000000000437c                _psi5_driver_api_list_start = .
 *(SORT_BY_NAME(SORT_BY_ALIGNMENT(._psi5_driver_api.static.*)))
                0x000000000000437c                _psi5_driver_api_list_end = .

sent_driver_api_area
                0x000000000000437c        0x0
                0x000000000000437c                _sent_driver_api_list_start = .
 *(SORT_BY_NAME(SORT_BY_ALIGNMENT(._sent_driver_api.static.*)))
                0x000000000000437c                _sent_driver_api_list_end = .

svc_driver_api_area
                0x000000000000437c        0x0
                0x000000000000437c                _svc_driver_api_list_start = .
 *(SORT_BY_NAME(SORT_BY_ALIGNMENT(._svc_driver_api.static.*)))
                0x000000000000437c                _svc_driver_api_list_end = .

uart_driver_api_area
                0x000000000000437c       0x4c
                0x000000000000437c                _uart_driver_api_list_start = .
 *(SORT_BY_NAME(SORT_BY_ALIGNMENT(._uart_driver_api.static.*)))
 ._uart_driver_api.static.mcux_lpsci_driver_api_
                0x000000000000437c       0x4c /home/artur-mateo/College/Sem_7/Embedded_Systems/aula_5/timer/.pio/build/frdm_kl25z/zephyr/drivers/serial/libdrivers__serial.a(uart_mcux_lpsci.c.o)
                0x00000000000043c8                _uart_driver_api_list_end = .

bc12_emul_driver_api_area
                0x00000000000043c8        0x0
                0x00000000000043c8                _bc12_emul_driver_api_list_start = .
 *(SORT_BY_NAME(SORT_BY_ALIGNMENT(._bc12_emul_driver_api.static.*)))
                0x00000000000043c8                _bc12_emul_driver_api_list_end = .

bc12_driver_api_area
                0x00000000000043c8        0x0
                0x00000000000043c8                _bc12_driver_api_list_start = .
 *(SORT_BY_NAME(SORT_BY_ALIGNMENT(._bc12_driver_api.static.*)))
                0x00000000000043c8                _bc12_driver_api_list_end = .

usbc_ppc_driver_api_area
                0x00000000000043c8        0x0
                0x00000000000043c8                _usbc_ppc_driver_api_list_start = .
 *(SORT_BY_NAME(SORT_BY_ALIGNMENT(._usbc_ppc_driver_api.static.*)))
                0x00000000000043c8                _usbc_ppc_driver_api_list_end = .

tcpc_driver_api_area
                0x00000000000043c8        0x0
                0x00000000000043c8                _tcpc_driver_api_list_start = .
 *(SORT_BY_NAME(SORT_BY_ALIGNMENT(._tcpc_driver_api.static.*)))
                0x00000000000043c8                _tcpc_driver_api_list_end = .

usbc_vbus_driver_api_area
                0x00000000000043c8        0x0
                0x00000000000043c8                _usbc_vbus_driver_api_list_start = .
 *(SORT_BY_NAME(SORT_BY_ALIGNMENT(._usbc_vbus_driver_api.static.*)))
                0x00000000000043c8                _usbc_vbus_driver_api_list_end = .

ivshmem_driver_api_area
                0x00000000000043c8        0x0
                0x00000000000043c8                _ivshmem_driver_api_list_start = .
 *(SORT_BY_NAME(SORT_BY_ALIGNMENT(._ivshmem_driver_api.static.*)))
                0x00000000000043c8                _ivshmem_driver_api_list_end = .

ethphy_driver_api_area
                0x00000000000043c8        0x0
                0x00000000000043c8                _ethphy_driver_api_list_start = .
 *(SORT_BY_NAME(SORT_BY_ALIGNMENT(._ethphy_driver_api.static.*)))
                0x00000000000043c8                _ethphy_driver_api_list_end = .

ztest           0x00000000000043c8        0x0
                0x00000000000043c8                _ztest_expected_result_entry_list_start = .
 *(SORT_BY_NAME(SORT_BY_ALIGNMENT(._ztest_expected_result_entry.static.*)))
                0x00000000000043c8                _ztest_expected_result_entry_list_end = .
                0x00000000000043c8                _ztest_suite_node_list_start = .
 *(SORT_BY_NAME(SORT_BY_ALIGNMENT(._ztest_suite_node.static.*)))
                0x00000000000043c8                _ztest_suite_node_list_end = .
                0x00000000000043c8                _ztest_unit_test_list_start = .
 *(SORT_BY_NAME(SORT_BY_ALIGNMENT(._ztest_unit_test.static.*)))
                0x00000000000043c8                _ztest_unit_test_list_end = .
                0x00000000000043c8                _ztest_test_rule_list_start = .
 *(SORT_BY_NAME(SORT_BY_ALIGNMENT(._ztest_test_rule.static.*)))
                0x00000000000043c8                _ztest_test_rule_list_end = .

init_array      0x00000000000043c8        0x0
                0x00000000000043c8                __zephyr_init_array_start = .
 *(SORT_BY_INIT_PRIORITY(.init_array.*) SORT_BY_INIT_PRIORITY(.ctors.*))
 *(SORT_BY_ALIGNMENT(.init_array) SORT_BY_ALIGNMENT(.ctors))
                0x00000000000043c8                __zephyr_init_array_end = .
                0x0000000000000001                ASSERT ((__zephyr_init_array_start == __zephyr_init_array_end), GNU-style constructors required but STATIC_INIT_GNU not enabled)

bt_l2cap_fixed_chan_area
                0x00000000000043c8        0x0
                0x00000000000043c8                _bt_l2cap_fixed_chan_list_start = .
 *(SORT_BY_NAME(SORT_BY_ALIGNMENT(._bt_l2cap_fixed_chan.static.*)))
                0x00000000000043c8                _bt_l2cap_fixed_chan_list_end = .

bt_gatt_service_static_area
                0x00000000000043c8        0x0